Archive member included because of file (symbol)

d:/altera/12.1/nios2eds/bin/gnu/h-i686-mingw32/bin/../lib/gcc/nios2-elf/4.1.2/../../../../nios2-elf/lib\libc.a(lib_a-puts.o)
                              obj/default/hello_world.o (puts)
d:/altera/12.1/nios2eds/bin/gnu/h-i686-mingw32/bin/../lib/gcc/nios2-elf/4.1.2/../../../../nios2-elf/lib\libc.a(lib_a-strlen.o)
                              d:/altera/12.1/nios2eds/bin/gnu/h-i686-mingw32/bin/../lib/gcc/nios2-elf/4.1.2/../../../../nios2-elf/lib\libc.a(lib_a-puts.o) (strlen)
d:/altera/12.1/nios2eds/bin/gnu/h-i686-mingw32/bin/../lib/gcc/nios2-elf/4.1.2/../../../../nios2-elf/lib\libc.a(lib_a-fvwrite.o)
                              d:/altera/12.1/nios2eds/bin/gnu/h-i686-mingw32/bin/../lib/gcc/nios2-elf/4.1.2/../../../../nios2-elf/lib\libc.a(lib_a-puts.o) (__sfvwrite_r)
d:/altera/12.1/nios2eds/bin/gnu/h-i686-mingw32/bin/../lib/gcc/nios2-elf/4.1.2/../../../../nios2-elf/lib\libc.a(lib_a-impure.o)
                              d:/altera/12.1/nios2eds/bin/gnu/h-i686-mingw32/bin/../lib/gcc/nios2-elf/4.1.2/../../../../nios2-elf/lib\libc.a(lib_a-puts.o) (_impure_ptr)
d:/altera/12.1/nios2eds/bin/gnu/h-i686-mingw32/bin/../lib/gcc/nios2-elf/4.1.2/../../../../nios2-elf/lib\libc.a(lib_a-mallocr.o)
                              d:/altera/12.1/nios2eds/bin/gnu/h-i686-mingw32/bin/../lib/gcc/nios2-elf/4.1.2/../../../../nios2-elf/lib\libc.a(lib_a-fvwrite.o) (_malloc_r)
d:/altera/12.1/nios2eds/bin/gnu/h-i686-mingw32/bin/../lib/gcc/nios2-elf/4.1.2/../../../../nios2-elf/lib\libc.a(lib_a-memchr.o)
                              d:/altera/12.1/nios2eds/bin/gnu/h-i686-mingw32/bin/../lib/gcc/nios2-elf/4.1.2/../../../../nios2-elf/lib\libc.a(lib_a-fvwrite.o) (memchr)
d:/altera/12.1/nios2eds/bin/gnu/h-i686-mingw32/bin/../lib/gcc/nios2-elf/4.1.2/../../../../nios2-elf/lib\libc.a(lib_a-memcpy.o)
                              d:/altera/12.1/nios2eds/bin/gnu/h-i686-mingw32/bin/../lib/gcc/nios2-elf/4.1.2/../../../../nios2-elf/lib\libc.a(lib_a-fvwrite.o) (memcpy)
d:/altera/12.1/nios2eds/bin/gnu/h-i686-mingw32/bin/../lib/gcc/nios2-elf/4.1.2/../../../../nios2-elf/lib\libc.a(lib_a-memmove.o)
                              d:/altera/12.1/nios2eds/bin/gnu/h-i686-mingw32/bin/../lib/gcc/nios2-elf/4.1.2/../../../../nios2-elf/lib\libc.a(lib_a-fvwrite.o) (memmove)
d:/altera/12.1/nios2eds/bin/gnu/h-i686-mingw32/bin/../lib/gcc/nios2-elf/4.1.2/../../../../nios2-elf/lib\libc.a(lib_a-reallocr.o)
                              d:/altera/12.1/nios2eds/bin/gnu/h-i686-mingw32/bin/../lib/gcc/nios2-elf/4.1.2/../../../../nios2-elf/lib\libc.a(lib_a-fvwrite.o) (_realloc_r)
d:/altera/12.1/nios2eds/bin/gnu/h-i686-mingw32/bin/../lib/gcc/nios2-elf/4.1.2/../../../../nios2-elf/lib\libc.a(lib_a-sbrkr.o)
                              d:/altera/12.1/nios2eds/bin/gnu/h-i686-mingw32/bin/../lib/gcc/nios2-elf/4.1.2/../../../../nios2-elf/lib\libc.a(lib_a-mallocr.o) (_sbrk_r)
d:/altera/12.1/nios2eds/bin/gnu/h-i686-mingw32/bin/../lib/gcc/nios2-elf/4.1.2/../../../../nios2-elf/lib\libc.a(lib_a-wsetup.o)
                              d:/altera/12.1/nios2eds/bin/gnu/h-i686-mingw32/bin/../lib/gcc/nios2-elf/4.1.2/../../../../nios2-elf/lib\libc.a(lib_a-fvwrite.o) (__swsetup_r)
d:/altera/12.1/nios2eds/bin/gnu/h-i686-mingw32/bin/../lib/gcc/nios2-elf/4.1.2/../../../../nios2-elf/lib\libc.a(lib_a-fflush.o)
                              d:/altera/12.1/nios2eds/bin/gnu/h-i686-mingw32/bin/../lib/gcc/nios2-elf/4.1.2/../../../../nios2-elf/lib\libc.a(lib_a-fvwrite.o) (_fflush_r)
d:/altera/12.1/nios2eds/bin/gnu/h-i686-mingw32/bin/../lib/gcc/nios2-elf/4.1.2/../../../../nios2-elf/lib\libc.a(lib_a-findfp.o)
                              d:/altera/12.1/nios2eds/bin/gnu/h-i686-mingw32/bin/../lib/gcc/nios2-elf/4.1.2/../../../../nios2-elf/lib\libc.a(lib_a-wsetup.o) (__sinit)
d:/altera/12.1/nios2eds/bin/gnu/h-i686-mingw32/bin/../lib/gcc/nios2-elf/4.1.2/../../../../nios2-elf/lib\libc.a(lib_a-freer.o)
                              d:/altera/12.1/nios2eds/bin/gnu/h-i686-mingw32/bin/../lib/gcc/nios2-elf/4.1.2/../../../../nios2-elf/lib\libc.a(lib_a-fvwrite.o) (_free_r)
d:/altera/12.1/nios2eds/bin/gnu/h-i686-mingw32/bin/../lib/gcc/nios2-elf/4.1.2/../../../../nios2-elf/lib\libc.a(lib_a-fwalk.o)
                              d:/altera/12.1/nios2eds/bin/gnu/h-i686-mingw32/bin/../lib/gcc/nios2-elf/4.1.2/../../../../nios2-elf/lib\libc.a(lib_a-fflush.o) (_fwalk_reent)
d:/altera/12.1/nios2eds/bin/gnu/h-i686-mingw32/bin/../lib/gcc/nios2-elf/4.1.2/../../../../nios2-elf/lib\libc.a(lib_a-int_errno.o)
                              d:/altera/12.1/nios2eds/bin/gnu/h-i686-mingw32/bin/../lib/gcc/nios2-elf/4.1.2/../../../../nios2-elf/lib\libc.a(lib_a-sbrkr.o) (errno)
d:/altera/12.1/nios2eds/bin/gnu/h-i686-mingw32/bin/../lib/gcc/nios2-elf/4.1.2/../../../../nios2-elf/lib\libc.a(lib_a-makebuf.o)
                              d:/altera/12.1/nios2eds/bin/gnu/h-i686-mingw32/bin/../lib/gcc/nios2-elf/4.1.2/../../../../nios2-elf/lib\libc.a(lib_a-wsetup.o) (__smakebuf_r)
[...]
Memory Configuration

Name             Origin             Length             Attributes
reset            0x00010000         0x00000020
onchip_memory    0x00010020         0x00009fe0
*default*        0x00000000         0xffffffff

Linker script and memory map

LOAD ../HELLO_WORLD_bsp//obj/HAL/src/crt0.o
LOAD obj/default/hello_world.o
LOAD d:/altera/12.1/nios2eds/bin/gnu/h-i686-mingw32/bin/../lib/gcc/nios2-elf/4.1.2/../../../../nios2-elf/lib\libstdc++.a
LOAD d:/altera/12.1/nios2eds/bin/gnu/h-i686-mingw32/bin/../lib/gcc/nios2-elf/4.1.2/../../../../nios2-elf/lib\libm.a
LOAD d:/altera/12.1/nios2eds/bin/gnu/h-i686-mingw32/bin/../lib/gcc/nios2-elf/4.1.2\libgcc.a
START GROUP
LOAD d:/altera/12.1/nios2eds/bin/gnu/h-i686-mingw32/bin/../lib/gcc/nios2-elf/4.1.2/../../../../nios2-elf/lib\libc.a
LOAD d:/altera/12.1/nios2eds/bin/gnu/h-i686-mingw32/bin/../lib/gcc/nios2-elf/4.1.2\libgcc.a
LOAD ../HELLO_WORLD_bsp/\libhal_bsp.a
END GROUP
LOAD d:/altera/12.1/nios2eds/bin/gnu/h-i686-mingw32/bin/../lib/gcc/nios2-elf/4.1.2\libgcc.a
                0x00010000                __alt_mem_onchip_memory = 0x10000

.entry          0x00010000       0x20
 *(.entry)
 .entry         0x00010000       0x20 ../HELLO_WORLD_bsp//obj/HAL/src/crt0.o
                0x00010000                __reset

.exceptions     0x00010020      0x194
                0x00010020                PROVIDE (__ram_exceptions_start, ABSOLUTE (.))
                0x00010020                . = ALIGN (0x20)
 *(.irq)
 *(.exceptions.entry.label)
 .exceptions.entry.label
                0x00010020        0x0 ../HELLO_WORLD_bsp/\libhal_bsp.a(alt_irq_entry.o)
                0x00010020                alt_irq_entry
 .exceptions.entry.label
                0x00010020        0x0 ../HELLO_WORLD_bsp/\libhal_bsp.a(alt_exception_entry.o)
                0x00010020                alt_exception
 *(.exceptions.entry.user)
 *(.exceptions.entry)
 .exceptions.entry
                0x00010020       0x54 ../HELLO_WORLD_bsp/\libhal_bsp.a(alt_exception_entry.o)
 *(.exceptions.irqtest.user)
 *(.exceptions.irqtest)
 .exceptions.irqtest
                0x00010074       0x10 ../HELLO_WORLD_bsp/\libhal_bsp.a(alt_irq_entry.o)
 *(.exceptions.irqhandler.user)
 *(.exceptions.irqhandler)
 .exceptions.irqhandler
                0x00010084        0x4 ../HELLO_WORLD_bsp/\libhal_bsp.a(alt_irq_entry.o)
 *(.exceptions.irqreturn.user)
 *(.exceptions.irqreturn)
 .exceptions.irqreturn
                0x00010088        0x4 ../HELLO_WORLD_bsp/\libhal_bsp.a(alt_irq_entry.o)
 *(.exceptions.notirq.label)
 .exceptions.notirq.label
                0x0001008c        0x0 ../HELLO_WORLD_bsp/\libhal_bsp.a(alt_irq_entry.o)
 *(.exceptions.notirq.user)
 *(.exceptions.notirq)
 .exceptions.notirq
                0x0001008c        0x8 ../HELLO_WORLD_bsp/\libhal_bsp.a(alt_exception_entry.o)
 *(.exceptions.soft.user)
 *(.exceptions.soft)
 *(.exceptions.unknown.user)
 *(.exceptions.unknown)
 .exceptions.unknown
                0x00010094        0x4 ../HELLO_WORLD_bsp/\libhal_bsp.a(alt_exception_entry.o)
 *(.exceptions.exit.label)
 .exceptions.exit.label
                0x00010098        0x0 ../HELLO_WORLD_bsp/\libhal_bsp.a(alt_irq_entry.o)
 .exceptions.exit.label
                0x00010098        0x0 ../HELLO_WORLD_bsp/\libhal_bsp.a(alt_exception_entry.o)
 *(.exceptions.exit.user)
 *(.exceptions.exit)
 .exceptions.exit
                0x00010098       0x54 ../HELLO_WORLD_bsp/\libhal_bsp.a(alt_exception_entry.o)
 *(.exceptions)
 .exceptions    0x000100ec       0xc8 ../HELLO_WORLD_bsp/\libhal_bsp.a(alt_irq_handler.o)
                0x000100ec                alt_irq_handler
                0x000101b4                PROVIDE (__ram_exceptions_end, ABSOLUTE (.))
                0x00010020                PROVIDE (__flash_exceptions_start, LOADADDR (.exceptions))

.text           0x000101b4     0x5308
                0x000101b4                PROVIDE (stext, ABSOLUTE (.))
 *(.interp)
 *(.hash)
 *(.dynsym)
 *(.dynstr)
 *(.gnu.version)
 *(.gnu.version_d)
 *(.gnu.version_r)
 *(.rel.init)
 *(.rela.init)
 *(.rel.text .rel.text.* .rel.gnu.linkonce.t.*)
 *(.rela.text .rela.text.* .rela.gnu.linkonce.t.*)
 *(.rel.fini)
 *(.rela.fini)
 *(.rel.rodata .rel.rodata.* .rel.gnu.linkonce.r.*)
 *(.rela.rodata .rela.rodata.* .rela.gnu.linkonce.r.*)
 *(.rel.data .rel.data.* .rel.gnu.linkonce.d.*)
 *(.rela.data .rela.data.* .rela.gnu.linkonce.d.*)
 *(.rel.tdata .rel.tdata.* .rel.gnu.linkonce.td.*)
 *(.rela.tdata .rela.tdata.* .rela.gnu.linkonce.td.*)
 *(.rel.tbss .rel.tbss.* .rel.gnu.linkonce.tb.*)
 *(.rela.tbss .rela.tbss.* .rela.gnu.linkonce.tb.*)
 *(.rel.ctors)
 *(.rela.ctors)
 *(.rel.dtors)
 *(.rela.dtors)
 *(.rel.got)
 *(.rela.got)
 *(.rel.sdata .rel.sdata.* .rel.gnu.linkonce.s.*)
 *(.rela.sdata .rela.sdata.* .rela.gnu.linkonce.s.*)
 *(.rel.sbss .rel.sbss.* .rel.gnu.linkonce.sb.*)
 *(.rela.sbss .rela.sbss.* .rela.gnu.linkonce.sb.*)
 *(.rel.sdata2 .rel.sdata2.* .rel.gnu.linkonce.s2.*)
 *(.rela.sdata2 .rela.sdata2.* .rela.gnu.linkonce.s2.*)
 *(.rel.sbss2 .rel.sbss2.* .rel.gnu.linkonce.sb2.*)
 *(.rela.sbss2 .rela.sbss2.* .rela.gnu.linkonce.sb2.*)
 *(.rel.bss .rel.bss.* .rel.gnu.linkonce.b.*)
 *(.rela.bss .rela.bss.* .rela.gnu.linkonce.b.*)
 *(.rel.plt)
 *(.rela.plt)
 *(.rel.dyn)
 *(.init)
 *(.plt)
 *(.text .stub .text.* .gnu.linkonce.t.*)
 .text          0x000101b4       0x4c ../HELLO_WORLD_bsp//obj/HAL/src/crt0.o
                0x000101b4                _start
 .text          0x00010200       0x34 obj/default/hello_world.o
                0x00010200                main
 .text          0x00010234       0xb4 d:/altera/12.1/nios2eds/bin/gnu/h-i686-mingw32/bin/../lib/gcc/nios2-elf/4.1.2/../../../../nios2-elf/lib\libc.a(lib_a-puts.o)
                0x00010234                _puts_r
                0x000102d4                puts
 .text          0x000102e8       0x74 d:/altera/12.1/nios2eds/bin/gnu/h-i686-mingw32/bin/../lib/gcc/nios2-elf/4.1.2/../../../../nios2-elf/lib\libc.a(lib_a-strlen.o)
                0x000102e8                strlen
 .text          0x0001035c      0x49c d:/altera/12.1/nios2eds/bin/gnu/h-i686-mingw32/bin/../lib/gcc/nios2-elf/4.1.2/../../../../nios2-elf/lib\libc.a(lib_a-fvwrite.o)
                0x0001035c                __sfvwrite_r
 .text          0x000107f8        0x0 d:/altera/12.1/nios2eds/bin/gnu/h-i686-mingw32/bin/../lib/gcc/nios2-elf/4.1.2/../../../../nios2-elf/lib\libc.a(lib_a-impure.o)
 .text          0x000107f8      0x740 d:/altera/12.1/nios2eds/bin/gnu/h-i686-mingw32/bin/../lib/gcc/nios2-elf/4.1.2/../../../../nios2-elf/lib\libc.a(lib_a-mallocr.o)
                0x000107f8                _malloc_r
 .text          0x00010f38       0xe4 d:/altera/12.1/nios2eds/bin/gnu/h-i686-mingw32/bin/../lib/gcc/nios2-elf/4.1.2/../../../../nios2-elf/lib\libc.a(lib_a-memchr.o)
                0x00010f38                memchr
 .text          0x0001101c       0xa0 d:/altera/12.1/nios2eds/bin/gnu/h-i686-mingw32/bin/../lib/gcc/nios2-elf/4.1.2/../../../../nios2-elf/lib\libc.a(lib_a-memcpy.o)
                0x0001101c                memcpy
 .text          0x000110bc       0xe0 d:/altera/12.1/nios2eds/bin/gnu/h-i686-mingw32/bin/../lib/gcc/nios2-elf/4.1.2/../../../../nios2-elf/lib\libc.a(lib_a-memmove.o)
                0x000110bc                memmove
 .text          0x0001119c      0x5f4 d:/altera/12.1/nios2eds/bin/gnu/h-i686-mingw32/bin/../lib/gcc/nios2-elf/4.1.2/../../../../nios2-elf/lib\libc.a(lib_a-reallocr.o)
                0x0001119c                _realloc_r
 .text          0x00011790       0x70 d:/altera/12.1/nios2eds/bin/gnu/h-i686-mingw32/bin/../lib/gcc/nios2-elf/4.1.2/../../../../nios2-elf/lib\libc.a(lib_a-sbrkr.o)
                0x00011790                _sbrk_r
 .text          0x00011800      0x13c d:/altera/12.1/nios2eds/bin/gnu/h-i686-mingw32/bin/../lib/gcc/nios2-elf/4.1.2/../../../../nios2-elf/lib\libc.a(lib_a-wsetup.o)
                0x00011800                __swsetup_r
 .text          0x0001193c      0x230 d:/altera/12.1/nios2eds/bin/gnu/h-i686-mingw32/bin/../lib/gcc/nios2-elf/4.1.2/../../../../nios2-elf/lib\libc.a(lib_a-fflush.o)
                0x0001193c                _fflush_r
                0x00011b38                fflush
 .text          0x00011b6c      0x2c0 d:/altera/12.1/nios2eds/bin/gnu/h-i686-mingw32/bin/../lib/gcc/nios2-elf/4.1.2/../../../../nios2-elf/lib\libc.a(lib_a-findfp.o)
                0x00011bc4                __sfp_lock_acquire
                0x00011bc8                __sfp_lock_release
                0x00011bcc                __sinit_lock_acquire
                0x00011bd0                __sinit_lock_release
                0x00011bd4                __sinit
                0x00011c88                __fp_unlock_all
                0x00011ca0                __fp_lock_all
                0x00011cb8                _cleanup_r
                0x00011cc4                _cleanup
                0x00011cd4                __sfmoreglue
                0x00011d3c                __sfp
 .text          0x00011e2c      0x440 d:/altera/12.1/nios2eds/bin/gnu/h-i686-mingw32/bin/../lib/gcc/nios2-elf/4.1.2/../../../../nios2-elf/lib\libc.a(lib_a-freer.o)
                0x00011e2c                _malloc_trim_r
                0x00011f58                _free_r
 .text          0x0001226c      0x180 d:/altera/12.1/nios2eds/bin/gnu/h-i686-mingw32/bin/../lib/gcc/nios2-elf/4.1.2/../../../../nios2-elf/lib\libc.a(lib_a-fwalk.o)
                0x0001226c                _fwalk_reent
                0x00012334                _fwalk
 .text          0x000123ec        0x0 d:/altera/12.1/nios2eds/bin/gnu/h-i686-mingw32/bin/../lib/gcc/nios2-elf/4.1.2/../../../../nios2-elf/lib\libc.a(lib_a-int_errno.o)
 .text          0x000123ec      0x194 d:/altera/12.1/nios2eds/bin/gnu/h-i686-mingw32/bin/../lib/gcc/nios2-elf/4.1.2/../../../../nios2-elf/lib\libc.a(lib_a-makebuf.o)
                0x000123ec                __smakebuf_r
 .text          0x00012580       0x98 d:/altera/12.1/nios2eds/bin/gnu/h-i686-mingw32/bin/../lib/gcc/nios2-elf/4.1.2/../../../../nios2-elf/lib\libc.a(lib_a-memset.o)
                0x00012580                memset
 .text          0x00012618      0x14c d:/altera/12.1/nios2eds/bin/gnu/h-i686-mingw32/bin/../lib/gcc/nios2-elf/4.1.2/../../../../nios2-elf/lib\libc.a(lib_a-stdio.o)
                0x00012618                __sclose
                0x00012620                __sseek
                0x00012688                __swrite
                0x00012704                __sread
 .text          0x00012764       0x78 d:/altera/12.1/nios2eds/bin/gnu/h-i686-mingw32/bin/../lib/gcc/nios2-elf/4.1.2/../../../../nios2-elf/lib\libc.a(lib_a-writer.o)
                0x00012764                _write_r
 .text          0x000127dc       0x70 d:/altera/12.1/nios2eds/bin/gnu/h-i686-mingw32/bin/../lib/gcc/nios2-elf/4.1.2/../../../../nios2-elf/lib\libc.a(lib_a-closer.o)
                0x000127dc                _close_r
 .text          0x0001284c      0x124 d:/altera/12.1/nios2eds/bin/gnu/h-i686-mingw32/bin/../lib/gcc/nios2-elf/4.1.2/../../../../nios2-elf/lib\libc.a(lib_a-fclose.o)
                0x0001284c                _fclose_r
                0x0001295c                fclose
 .text          0x00012970       0x74 d:/altera/12.1/nios2eds/bin/gnu/h-i686-mingw32/bin/../lib/gcc/nios2-elf/4.1.2/../../../../nios2-elf/lib\libc.a(lib_a-fstatr.o)
                0x00012970                _fstat_r
 .text          0x000129e4       0x70 d:/altera/12.1/nios2eds/bin/gnu/h-i686-mingw32/bin/../lib/gcc/nios2-elf/4.1.2/../../../../nios2-elf/lib\libc.a(lib_a-isattyr.o)
                0x000129e4                _isatty_r
 .text          0x00012a54       0x78 d:/altera/12.1/nios2eds/bin/gnu/h-i686-mingw32/bin/../lib/gcc/nios2-elf/4.1.2/../../../../nios2-elf/lib\libc.a(lib_a-lseekr.o)
                0x00012a54                _lseek_r
 .text          0x00012acc       0x78 d:/altera/12.1/nios2eds/bin/gnu/h-i686-mingw32/bin/../lib/gcc/nios2-elf/4.1.2/../../../../nios2-elf/lib\libc.a(lib_a-readr.o)
                0x00012acc                _read_r
 .text          0x00012b44      0x15c ../HELLO_WORLD_bsp/\libhal_bsp.a(alt_close.o)
                0x00012b44                close
 .text          0x00012ca0       0x2c ../HELLO_WORLD_bsp/\libhal_bsp.a(alt_dev.o)
 .text          0x00012ccc        0x0 ../HELLO_WORLD_bsp/\libhal_bsp.a(alt_errno.o)
 .text          0x00012ccc      0x134 ../HELLO_WORLD_bsp/\libhal_bsp.a(alt_fstat.o)
                0x00012ccc                fstat
 .text          0x00012e00      0x120 ../HELLO_WORLD_bsp/\libhal_bsp.a(alt_isatty.o)
                0x00012e00                isatty
 .text          0x00012f20       0xec ../HELLO_WORLD_bsp/\libhal_bsp.a(alt_load.o)
                0x00012f20                alt_load
 .text          0x0001300c      0x150 ../HELLO_WORLD_bsp/\libhal_bsp.a(alt_lseek.o)
                0x0001300c                lseek
 .text          0x0001315c       0x6c ../HELLO_WORLD_bsp/\libhal_bsp.a(alt_main.o)
                0x0001315c                alt_main
 .text          0x000131c8       0x40 ../HELLO_WORLD_bsp/\libhal_bsp.a(alt_malloc_lock.o)
                0x000131c8                __malloc_lock
                0x000131e8                __malloc_unlock
 .text          0x00013208      0x180 ../HELLO_WORLD_bsp/\libhal_bsp.a(alt_read.o)
                0x00013208                read
 .text          0x00013388       0x60 ../HELLO_WORLD_bsp/\libhal_bsp.a(alt_release_fd.o)
                0x00013388                alt_release_fd
 .text          0x000133e8       0xbc ../HELLO_WORLD_bsp/\libhal_bsp.a(alt_sbrk.o)
                0x000133e8                sbrk
 .text          0x000134a4      0x180 ../HELLO_WORLD_bsp/\libhal_bsp.a(alt_write.o)
                0x000134a4                write
 .text          0x00013624       0xb0 ../HELLO_WORLD_bsp/\libhal_bsp.a(alt_sys_init.o)
                0x00013624                alt_irq_init
                0x00013658                alt_sys_init
 .text          0x000136d4      0x148 ../HELLO_WORLD_bsp/\libhal_bsp.a(altera_avalon_jtag_uart_fd.o)
                0x000136d4                altera_avalon_jtag_uart_read_fd
                0x0001372c                altera_avalon_jtag_uart_write_fd
                0x00013784                altera_avalon_jtag_uart_close_fd
                0x000137cc                altera_avalon_jtag_uart_ioctl_fd
 .text          0x0001381c      0x40c ../HELLO_WORLD_bsp/\libhal_bsp.a(altera_avalon_jtag_uart_init.o)
                0x0001381c                altera_avalon_jtag_uart_init
                0x00013bb4                altera_avalon_jtag_uart_close
 .text          0x00013c28       0xf4 ../HELLO_WORLD_bsp/\libhal_bsp.a(altera_avalon_jtag_uart_ioctl.o)
                0x00013c28                altera_avalon_jtag_uart_ioctl
 .text          0x00013d1c      0x224 ../HELLO_WORLD_bsp/\libhal_bsp.a(altera_avalon_jtag_uart_read.o)
                0x00013d1c                altera_avalon_jtag_uart_read
 .text          0x00013f40      0x240 ../HELLO_WORLD_bsp/\libhal_bsp.a(altera_avalon_jtag_uart_write.o)
                0x00013f40                altera_avalon_jtag_uart_write
 .text          0x00014180      0x154 ../HELLO_WORLD_bsp/\libhal_bsp.a(alt_alarm_start.o)
                0x00014180                alt_alarm_start
 .text          0x000142d4       0x44 ../HELLO_WORLD_bsp/\libhal_bsp.a(alt_dcache_flush_all.o)
                0x000142d4                alt_dcache_flush_all
 .text          0x00014318      0x114 ../HELLO_WORLD_bsp/\libhal_bsp.a(alt_dev_llist_insert.o)
                0x00014318                alt_dev_llist_insert
 .text          0x0001442c       0x64 ../HELLO_WORLD_bsp/\libhal_bsp.a(alt_do_ctors.o)
                0x0001442c                _do_ctors
 .text          0x00014490       0x64 ../HELLO_WORLD_bsp/\libhal_bsp.a(alt_do_dtors.o)
                0x00014490                _do_dtors
 .text          0x000144f4       0x30 ../HELLO_WORLD_bsp/\libhal_bsp.a(alt_icache_flush_all.o)
                0x000144f4                alt_icache_flush_all
 .text          0x00014524      0x1d4 ../HELLO_WORLD_bsp/\libhal_bsp.a(alt_iic.o)
                0x00014524                alt_ic_isr_register
                0x00014574                alt_ic_irq_enable
                0x00014610                alt_ic_irq_disable
                0x000146b0                alt_ic_irq_enabled
 .text          0x000146f8       0xf8 ../HELLO_WORLD_bsp/\libhal_bsp.a(alt_iic_isr_register.o)
                0x000146f8                alt_iic_isr_register
 .text          0x000147f0      0x13c ../HELLO_WORLD_bsp/\libhal_bsp.a(alt_io_redirect.o)
                0x000148b4                alt_io_redirect
 .text          0x0001492c        0x0 ../HELLO_WORLD_bsp/\libhal_bsp.a(alt_irq_entry.o)
 .text          0x0001492c        0x0 ../HELLO_WORLD_bsp/\libhal_bsp.a(alt_irq_handler.o)
 .text          0x0001492c        0x0 ../HELLO_WORLD_bsp/\libhal_bsp.a(alt_irq_vars.o)
 .text          0x0001492c      0x2c4 ../HELLO_WORLD_bsp/\libhal_bsp.a(alt_open.o)
                0x00014a08                open
 .text          0x00014bf0      0x1a4 ../HELLO_WORLD_bsp/\libhal_bsp.a(alt_tick.o)
                0x00014bf0                alt_alarm_stop
                0x00014c88                alt_tick
 .text          0x00014d94       0x20 ../HELLO_WORLD_bsp/\libhal_bsp.a(altera_nios2_qsys_irq.o)
                0x00014d94                altera_nios2_qsys_irq_init
 .text          0x00014db4        0x0 ../HELLO_WORLD_bsp/\libhal_bsp.a(alt_exception_entry.o)
 .text          0x00014db4       0x94 ../HELLO_WORLD_bsp/\libhal_bsp.a(alt_find_dev.o)
                0x00014db4                alt_find_dev
 .text          0x00014e48      0x120 ../HELLO_WORLD_bsp/\libhal_bsp.a(alt_find_file.o)
                0x00014e48                alt_find_file
 .text          0x00014f68       0xb8 ../HELLO_WORLD_bsp/\libhal_bsp.a(alt_get_fd.o)
                0x00014f68                alt_get_fd
 .text          0x00015020       0x90 ../HELLO_WORLD_bsp/\libhal_bsp.a(alt_icache_flush.o)
                0x00015020                alt_icache_flush
 .text          0x000150b0       0x14 d:/altera/12.1/nios2eds/bin/gnu/h-i686-mingw32/bin/../lib/gcc/nios2-elf/4.1.2/../../../../nios2-elf/lib\libc.a(lib_a-atexit.o)
                0x000150b0                atexit
 .text          0x000150c4       0x38 d:/altera/12.1/nios2eds/bin/gnu/h-i686-mingw32/bin/../lib/gcc/nios2-elf/4.1.2/../../../../nios2-elf/lib\libc.a(lib_a-exit.o)
                0x000150c4                exit
 .text          0x000150fc       0x74 d:/altera/12.1/nios2eds/bin/gnu/h-i686-mingw32/bin/../lib/gcc/nios2-elf/4.1.2/../../../../nios2-elf/lib\libc.a(lib_a-memcmp.o)
                0x000150fc                memcmp
 .text          0x00015170      0x134 d:/altera/12.1/nios2eds/bin/gnu/h-i686-mingw32/bin/../lib/gcc/nios2-elf/4.1.2/../../../../nios2-elf/lib\libc.a(lib_a-__atexit.o)
                0x00015170                __register_exitproc
 .text          0x000152a4      0x1b4 d:/altera/12.1/nios2eds/bin/gnu/h-i686-mingw32/bin/../lib/gcc/nios2-elf/4.1.2/../../../../nios2-elf/lib\libc.a(lib_a-__call_atexit.o)
                0x000152a8                __call_exitprocs
 .text          0x00015458       0x60 ../HELLO_WORLD_bsp/\libhal_bsp.a(alt_exit.o)
                0x00015498                _exit
 *(.gnu.warning.*)
 *(.fini)
                0x000154b8                PROVIDE (__etext, ABSOLUTE (.))
                0x000154b8                PROVIDE (_etext, ABSOLUTE (.))
                0x000154b8                PROVIDE (etext, ABSOLUTE (.))
 *(.eh_frame_hdr)
                0x000154b8                . = ALIGN (0x4)
                0x000154b8                PROVIDE (__preinit_array_start, ABSOLUTE (.))
 *(.preinit_array)
                0x000154b8                PROVIDE (__preinit_array_end, ABSOLUTE (.))
                0x000154b8                PROVIDE (__init_array_start, ABSOLUTE (.))
 *(.init_array)
                0x000154b8                PROVIDE (__init_array_end, ABSOLUTE (.))
                0x000154b8                PROVIDE (__fini_array_start, ABSOLUTE (.))
 *(.fini_array)
                0x000154b8                PROVIDE (__fini_array_end, ABSOLUTE (.))
 *(.eh_frame)
 *(.gcc_except_table)
 *(.dynamic)
                0x000154b8                PROVIDE (__CTOR_LIST__, ABSOLUTE (.))
 *(.ctors)
 *(SORT(.ctors.*))
 .ctors.65535   0x000154b8        0x4 d:/altera/12.1/nios2eds/bin/gnu/h-i686-mingw32/bin/../lib/gcc/nios2-elf/4.1.2/../../../../nios2-elf/lib\libc.a(lib_a-__call_atexit.o)
                0x000154bc                PROVIDE (__CTOR_END__, ABSOLUTE (.))
                0x000154bc                PROVIDE (__DTOR_LIST__, ABSOLUTE (.))
 *(.dtors)
 *(SORT(.dtors.*))
                0x000154bc                PROVIDE (__DTOR_END__, ABSOLUTE (.))
 *(.jcr)
                0x000154bc                . = ALIGN (0x4)

.rodata         0x000154bc       0x50
                0x000154bc                PROVIDE (__ram_rodata_start, ABSOLUTE (.))
                0x000154bc                . = ALIGN (0x4)
 *(.rodata .rodata.* .gnu.linkonce.r.*)
 .rodata        0x000154bc       0x14 obj/default/hello_world.o
 .rodata.str1.4
                0x000154d0        0x2 d:/altera/12.1/nios2eds/bin/gnu/h-i686-mingw32/bin/../lib/gcc/nios2-elf/4.1.2/../../../../nios2-elf/lib\libc.a(lib_a-puts.o)
                                  0x4 (size before relaxing)
 *fill*         0x000154d2        0x2 00
 .rodata.str1.4
                0x000154d4        0x4 d:/altera/12.1/nios2eds/bin/gnu/h-i686-mingw32/bin/../lib/gcc/nios2-elf/4.1.2/../../../../nios2-elf/lib\libc.a(lib_a-impure.o)
 .rodata        0x000154d8        0xc ../HELLO_WORLD_bsp/\libhal_bsp.a(alt_dev.o)
 .rodata        0x000154e4       0x14 ../HELLO_WORLD_bsp/\libhal_bsp.a(alt_main.o)
 .rodata        0x000154f8       0x14 ../HELLO_WORLD_bsp/\libhal_bsp.a(alt_sys_init.o)
 *(.rodata1)
                0x0001550c                . = ALIGN (0x4)
                0x0001550c                PROVIDE (__ram_rodata_end, ABSOLUTE (.))
                0x000154bc                PROVIDE (__flash_rodata_start, LOADADDR (.rodata))

.rwdata         0x0001550c     0x1a48 load address 0x00016f54
                0x0001550c                PROVIDE (__ram_rwdata_start, ABSOLUTE (.))
                0x0001550c                . = ALIGN (0x4)
 *(.got.plt)
 *(.got)
 *(.data1)
 *(.data .data.* .gnu.linkonce.d.*)
 .data          0x0001550c        0x0 ../HELLO_WORLD_bsp//obj/HAL/src/crt0.o
 .data          0x0001550c        0x0 obj/default/hello_world.o
 .data          0x0001550c        0x0 d:/altera/12.1/nios2eds/bin/gnu/h-i686-mingw32/bin/../lib/gcc/nios2-elf/4.1.2/../../../../nios2-elf/lib\libc.a(lib_a-puts.o)
 .data          0x0001550c        0x0 d:/altera/12.1/nios2eds/bin/gnu/h-i686-mingw32/bin/../lib/gcc/nios2-elf/4.1.2/../../../../nios2-elf/lib\libc.a(lib_a-strlen.o)
 .data          0x0001550c        0x0 d:/altera/12.1/nios2eds/bin/gnu/h-i686-mingw32/bin/../lib/gcc/nios2-elf/4.1.2/../../../../nios2-elf/lib\libc.a(lib_a-fvwrite.o)
 .data          0x0001550c      0x400 d:/altera/12.1/nios2eds/bin/gnu/h-i686-mingw32/bin/../lib/gcc/nios2-elf/4.1.2/../../../../nios2-elf/lib\libc.a(lib_a-impure.o)
 .data          0x0001590c      0x408 d:/altera/12.1/nios2eds/bin/gnu/h-i686-mingw32/bin/../lib/gcc/nios2-elf/4.1.2/../../../../nios2-elf/lib\libc.a(lib_a-mallocr.o)
                0x0001590c                __malloc_av_
 .data          0x00015d14        0x0 d:/altera/12.1/nios2eds/bin/gnu/h-i686-mingw32/bin/../lib/gcc/nios2-elf/4.1.2/../../../../nios2-elf/lib\libc.a(lib_a-memchr.o)
 .data          0x00015d14        0x0 d:/altera/12.1/nios2eds/bin/gnu/h-i686-mingw32/bin/../lib/gcc/nios2-elf/4.1.2/../../../../nios2-elf/lib\libc.a(lib_a-memcpy.o)
 .data          0x00015d14        0x0 d:/altera/12.1/nios2eds/bin/gnu/h-i686-mingw32/bin/../lib/gcc/nios2-elf/4.1.2/../../../../nios2-elf/lib\libc.a(lib_a-memmove.o)
 .data          0x00015d14        0x0 d:/altera/12.1/nios2eds/bin/gnu/h-i686-mingw32/bin/../lib/gcc/nios2-elf/4.1.2/../../../../nios2-elf/lib\libc.a(lib_a-reallocr.o)
 .data          0x00015d14        0x0 d:/altera/12.1/nios2eds/bin/gnu/h-i686-mingw32/bin/../lib/gcc/nios2-elf/4.1.2/../../../../nios2-elf/lib\libc.a(lib_a-sbrkr.o)
 .data          0x00015d14        0x0 d:/altera/12.1/nios2eds/bin/gnu/h-i686-mingw32/bin/../lib/gcc/nios2-elf/4.1.2/../../../../nios2-elf/lib\libc.a(lib_a-wsetup.o)
 .data          0x00015d14        0x0 d:/altera/12.1/nios2eds/bin/gnu/h-i686-mingw32/bin/../lib/gcc/nios2-elf/4.1.2/../../../../nios2-elf/lib\libc.a(lib_a-fflush.o)
 .data          0x00015d14        0x0 d:/altera/12.1/nios2eds/bin/gnu/h-i686-mingw32/bin/../lib/gcc/nios2-elf/4.1.2/../../../../nios2-elf/lib\libc.a(lib_a-findfp.o)
 .data          0x00015d14        0x0 d:/altera/12.1/nios2eds/bin/gnu/h-i686-mingw32/bin/../lib/gcc/nios2-elf/4.1.2/../../../../nios2-elf/lib\libc.a(lib_a-freer.o)
 .data          0x00015d14        0x0 d:/altera/12.1/nios2eds/bin/gnu/h-i686-mingw32/bin/../lib/gcc/nios2-elf/4.1.2/../../../../nios2-elf/lib\libc.a(lib_a-fwalk.o)
 .data          0x00015d14        0x0 d:/altera/12.1/nios2eds/bin/gnu/h-i686-mingw32/bin/../lib/gcc/nios2-elf/4.1.2/../../../../nios2-elf/lib\libc.a(lib_a-int_errno.o)
 .data          0x00015d14        0x0 d:/altera/12.1/nios2eds/bin/gnu/h-i686-mingw32/bin/../lib/gcc/nios2-elf/4.1.2/../../../../nios2-elf/lib\libc.a(lib_a-makebuf.o)
 .data          0x00015d14        0x0 d:/altera/12.1/nios2eds/bin/gnu/h-i686-mingw32/bin/../lib/gcc/nios2-elf/4.1.2/../../../../nios2-elf/lib\libc.a(lib_a-memset.o)
 .data          0x00015d14        0x0 d:/altera/12.1/nios2eds/bin/gnu/h-i686-mingw32/bin/../lib/gcc/nios2-elf/4.1.2/../../../../nios2-elf/lib\libc.a(lib_a-stdio.o)
 .data          0x00015d14        0x0 d:/altera/12.1/nios2eds/bin/gnu/h-i686-mingw32/bin/../lib/gcc/nios2-elf/4.1.2/../../../../nios2-elf/lib\libc.a(lib_a-writer.o)
 .data          0x00015d14        0x0 d:/altera/12.1/nios2eds/bin/gnu/h-i686-mingw32/bin/../lib/gcc/nios2-elf/4.1.2/../../../../nios2-elf/lib\libc.a(lib_a-closer.o)
 .data          0x00015d14        0x0 d:/altera/12.1/nios2eds/bin/gnu/h-i686-mingw32/bin/../lib/gcc/nios2-elf/4.1.2/../../../../nios2-elf/lib\libc.a(lib_a-fclose.o)
 .data          0x00015d14        0x0 d:/altera/12.1/nios2eds/bin/gnu/h-i686-mingw32/bin/../lib/gcc/nios2-elf/4.1.2/../../../../nios2-elf/lib\libc.a(lib_a-fstatr.o)
 .data          0x00015d14        0x0 d:/altera/12.1/nios2eds/bin/gnu/h-i686-mingw32/bin/../lib/gcc/nios2-elf/4.1.2/../../../../nios2-elf/lib\libc.a(lib_a-isattyr.o)
 .data          0x00015d14        0x0 d:/altera/12.1/nios2eds/bin/gnu/h-i686-mingw32/bin/../lib/gcc/nios2-elf/4.1.2/../../../../nios2-elf/lib\libc.a(lib_a-lseekr.o)
 .data          0x00015d14        0x0 d:/altera/12.1/nios2eds/bin/gnu/h-i686-mingw32/bin/../lib/gcc/nios2-elf/4.1.2/../../../../nios2-elf/lib\libc.a(lib_a-readr.o)
 .data          0x00015d14        0x0 ../HELLO_WORLD_bsp/\libhal_bsp.a(alt_close.o)
 .data          0x00015d14      0x1a8 ../HELLO_WORLD_bsp/\libhal_bsp.a(alt_dev.o)
                0x00015d14                alt_dev_null
                0x00015d3c                alt_fd_list
 .data          0x00015ebc        0x0 ../HELLO_WORLD_bsp/\libhal_bsp.a(alt_errno.o)
 .data          0x00015ebc        0x0 ../HELLO_WORLD_bsp/\libhal_bsp.a(alt_fstat.o)
 .data          0x00015ebc        0x0 ../HELLO_WORLD_bsp/\libhal_bsp.a(alt_isatty.o)
 .data          0x00015ebc        0x0 ../HELLO_WORLD_bsp/\libhal_bsp.a(alt_load.o)
 .data          0x00015ebc        0x0 ../HELLO_WORLD_bsp/\libhal_bsp.a(alt_lseek.o)
 .data          0x00015ebc        0x0 ../HELLO_WORLD_bsp/\libhal_bsp.a(alt_main.o)
 .data          0x00015ebc        0x0 ../HELLO_WORLD_bsp/\libhal_bsp.a(alt_malloc_lock.o)
 .data          0x00015ebc        0x0 ../HELLO_WORLD_bsp/\libhal_bsp.a(alt_read.o)
 .data          0x00015ebc        0x0 ../HELLO_WORLD_bsp/\libhal_bsp.a(alt_release_fd.o)
 .data          0x00015ebc        0x0 ../HELLO_WORLD_bsp/\libhal_bsp.a(alt_sbrk.o)
 .data          0x00015ebc        0x0 ../HELLO_WORLD_bsp/\libhal_bsp.a(alt_write.o)
 .data          0x00015ebc     0x1060 ../HELLO_WORLD_bsp/\libhal_bsp.a(alt_sys_init.o)
 .data          0x00016f1c        0x0 ../HELLO_WORLD_bsp/\libhal_bsp.a(altera_avalon_jtag_uart_fd.o)
 .data          0x00016f1c        0x0 ../HELLO_WORLD_bsp/\libhal_bsp.a(altera_avalon_jtag_uart_init.o)
 .data          0x00016f1c        0x0 ../HELLO_WORLD_bsp/\libhal_bsp.a(altera_avalon_jtag_uart_ioctl.o)
 .data          0x00016f1c        0x0 ../HELLO_WORLD_bsp/\libhal_bsp.a(altera_avalon_jtag_uart_read.o)
 .data          0x00016f1c        0x0 ../HELLO_WORLD_bsp/\libhal_bsp.a(altera_avalon_jtag_uart_write.o)
 .data          0x00016f1c        0x0 ../HELLO_WORLD_bsp/\libhal_bsp.a(alt_alarm_start.o)
 .data          0x00016f1c        0x0 ../HELLO_WORLD_bsp/\libhal_bsp.a(alt_dcache_flush_all.o)
 .data          0x00016f1c        0x0 ../HELLO_WORLD_bsp/\libhal_bsp.a(alt_dev_llist_insert.o)
 .data          0x00016f1c        0x0 ../HELLO_WORLD_bsp/\libhal_bsp.a(alt_do_ctors.o)
 .data          0x00016f1c        0x0 ../HELLO_WORLD_bsp/\libhal_bsp.a(alt_do_dtors.o)
 .data          0x00016f1c        0x0 ../HELLO_WORLD_bsp/\libhal_bsp.a(alt_icache_flush_all.o)
 .data          0x00016f1c        0x0 ../HELLO_WORLD_bsp/\libhal_bsp.a(alt_iic.o)
 .data          0x00016f1c        0x0 ../HELLO_WORLD_bsp/\libhal_bsp.a(alt_iic_isr_register.o)
 .data          0x00016f1c        0x0 ../HELLO_WORLD_bsp/\libhal_bsp.a(alt_io_redirect.o)
 .data          0x00016f1c        0x0 ../HELLO_WORLD_bsp/\libhal_bsp.a(alt_irq_entry.o)
 .data          0x00016f1c        0x0 ../HELLO_WORLD_bsp/\libhal_bsp.a(alt_irq_handler.o)
 .data          0x00016f1c        0x0 ../HELLO_WORLD_bsp/\libhal_bsp.a(alt_irq_vars.o)
 .data          0x00016f1c        0x0 ../HELLO_WORLD_bsp/\libhal_bsp.a(alt_open.o)
 .data          0x00016f1c        0x0 ../HELLO_WORLD_bsp/\libhal_bsp.a(alt_tick.o)
 .data          0x00016f1c        0x0 ../HELLO_WORLD_bsp/\libhal_bsp.a(altera_nios2_qsys_irq.o)
 .data          0x00016f1c        0x0 ../HELLO_WORLD_bsp/\libhal_bsp.a(alt_exception_entry.o)
 .data          0x00016f1c        0x0 ../HELLO_WORLD_bsp/\libhal_bsp.a(alt_find_dev.o)
 .data          0x00016f1c        0x0 ../HELLO_WORLD_bsp/\libhal_bsp.a(alt_find_file.o)
 .data          0x00016f1c        0x0 ../HELLO_WORLD_bsp/\libhal_bsp.a(alt_get_fd.o)
 .data          0x00016f1c        0x0 ../HELLO_WORLD_bsp/\libhal_bsp.a(alt_icache_flush.o)
 .data          0x00016f1c        0x0 d:/altera/12.1/nios2eds/bin/gnu/h-i686-mingw32/bin/../lib/gcc/nios2-elf/4.1.2/../../../../nios2-elf/lib\libc.a(lib_a-atexit.o)
 .data          0x00016f1c        0x0 d:/altera/12.1/nios2eds/bin/gnu/h-i686-mingw32/bin/../lib/gcc/nios2-elf/4.1.2/../../../../nios2-elf/lib\libc.a(lib_a-exit.o)
 .data          0x00016f1c        0x0 d:/altera/12.1/nios2eds/bin/gnu/h-i686-mingw32/bin/../lib/gcc/nios2-elf/4.1.2/../../../../nios2-elf/lib\libc.a(lib_a-memcmp.o)
 .data          0x00016f1c        0x0 d:/altera/12.1/nios2eds/bin/gnu/h-i686-mingw32/bin/../lib/gcc/nios2-elf/4.1.2/../../../../nios2-elf/lib\libc.a(lib_a-__atexit.o)
 .data          0x00016f1c        0x0 d:/altera/12.1/nios2eds/bin/gnu/h-i686-mingw32/bin/../lib/gcc/nios2-elf/4.1.2/../../../../nios2-elf/lib\libc.a(lib_a-__call_atexit.o)
 .data          0x00016f1c        0x0 ../HELLO_WORLD_bsp/\libhal_bsp.a(alt_exit.o)
                0x0001ef1c                _gp = ABSOLUTE ((. + 0x8000))
                0x0001ef1c                PROVIDE (gp, _gp)
 *(.rwdata .rwdata.*)
 *(.sdata .sdata.* .gnu.linkonce.s.*)
 .sdata         0x00016f1c        0x8 d:/altera/12.1/nios2eds/bin/gnu/h-i686-mingw32/bin/../lib/gcc/nios2-elf/4.1.2/../../../../nios2-elf/lib\libc.a(lib_a-impure.o)
                0x00016f1c                _impure_ptr
                0x00016f20                _global_impure_ptr
 .sdata         0x00016f24        0x8 d:/altera/12.1/nios2eds/bin/gnu/h-i686-mingw32/bin/../lib/gcc/nios2-elf/4.1.2/../../../../nios2-elf/lib\libc.a(lib_a-mallocr.o)
                0x00016f24                __malloc_trim_threshold
                0x00016f28                __malloc_sbrk_base
 .sdata         0x00016f2c       0x14 ../HELLO_WORLD_bsp/\libhal_bsp.a(alt_dev.o)
                0x00016f2c                alt_fs_list
                0x00016f34                alt_dev_list
                0x00016f3c                alt_max_fd
 .sdata         0x00016f40        0x4 ../HELLO_WORLD_bsp/\libhal_bsp.a(alt_errno.o)
                0x00016f40                alt_errno
 .sdata         0x00016f44        0x4 ../HELLO_WORLD_bsp/\libhal_bsp.a(alt_sbrk.o)
 .sdata         0x00016f48        0x4 ../HELLO_WORLD_bsp/\libhal_bsp.a(alt_irq_vars.o)
                0x00016f48                alt_priority_mask
 .sdata         0x00016f4c        0x8 ../HELLO_WORLD_bsp/\libhal_bsp.a(alt_tick.o)
                0x00016f4c                alt_alarm_list
 *(.sdata2 .sdata2.* .gnu.linkonce.s2.*)
                0x00016f54                . = ALIGN (0x4)
                0x00016f54                _edata = ABSOLUTE (.)
                0x00016f54                PROVIDE (edata, ABSOLUTE (.))
                0x00016f54                PROVIDE (__ram_rwdata_end, ABSOLUTE (.))
                0x00016f54                PROVIDE (__flash_rwdata_start, LOADADDR (.rwdata))

.bss            0x0001899c      0x2e0
                0x0001899c                __bss_start = ABSOLUTE (.)
                0x0001899c                PROVIDE (__sbss_start, ABSOLUTE (.))
                0x0001899c                PROVIDE (___sbss_start, ABSOLUTE (.))
 *(.dynsbss)
 *(.sbss .sbss.* .gnu.linkonce.sb.*)
 .sbss          0x0001899c        0xc d:/altera/12.1/nios2eds/bin/gnu/h-i686-mingw32/bin/../lib/gcc/nios2-elf/4.1.2/../../../../nios2-elf/lib\libc.a(lib_a-mallocr.o)
                0x0001899c                __malloc_top_pad
                0x000189a0                __malloc_max_sbrked_mem
                0x000189a4                __malloc_max_total_mem
 .sbss          0x000189a8        0x4 d:/altera/12.1/nios2eds/bin/gnu/h-i686-mingw32/bin/../lib/gcc/nios2-elf/4.1.2/../../../../nios2-elf/lib\libc.a(lib_a-int_errno.o)
                0x000189a8                errno
 .sbss          0x000189ac        0xc ../HELLO_WORLD_bsp/\libhal_bsp.a(alt_main.o)
                0x000189ac                alt_argc
                0x000189b0                alt_argv
                0x000189b4                alt_envp
 .sbss          0x000189b8        0x4 ../HELLO_WORLD_bsp/\libhal_bsp.a(alt_irq_vars.o)
                0x000189b8                alt_irq_active
 .sbss          0x000189bc        0x8 ../HELLO_WORLD_bsp/\libhal_bsp.a(alt_tick.o)
                0x000189bc                _alt_tick_rate
                0x000189c0                _alt_nticks
 *(.sbss2 .sbss2.* .gnu.linkonce.sb2.*)
 *(.scommon)
                0x000189c4                PROVIDE (__sbss_end, ABSOLUTE (.))
                0x000189c4                PROVIDE (___sbss_end, ABSOLUTE (.))
 *(.dynbss)
 *(.bss .bss.* .gnu.linkonce.b.*)
 .bss           0x000189c4        0x0 ../HELLO_WORLD_bsp//obj/HAL/src/crt0.o
 .bss           0x000189c4        0x0 obj/default/hello_world.o
 .bss           0x000189c4        0x0 d:/altera/12.1/nios2eds/bin/gnu/h-i686-mingw32/bin/../lib/gcc/nios2-elf/4.1.2/../../../../nios2-elf/lib\libc.a(lib_a-puts.o)
 .bss           0x000189c4        0x0 d:/altera/12.1/nios2eds/bin/gnu/h-i686-mingw32/bin/../lib/gcc/nios2-elf/4.1.2/../../../../nios2-elf/lib\libc.a(lib_a-strlen.o)
 .bss           0x000189c4        0x0 d:/altera/12.1/nios2eds/bin/gnu/h-i686-mingw32/bin/../lib/gcc/nios2-elf/4.1.2/../../../../nios2-elf/lib\libc.a(lib_a-fvwrite.o)
 .bss           0x000189c4        0x0 d:/altera/12.1/nios2eds/bin/gnu/h-i686-mingw32/bin/../lib/gcc/nios2-elf/4.1.2/../../../../nios2-elf/lib\libc.a(lib_a-impure.o)
 .bss           0x000189c4       0x28 d:/altera/12.1/nios2eds/bin/gnu/h-i686-mingw32/bin/../lib/gcc/nios2-elf/4.1.2/../../../../nios2-elf/lib\libc.a(lib_a-mallocr.o)
                0x000189c4                __malloc_current_mallinfo
 .bss           0x000189ec        0x0 d:/altera/12.1/nios2eds/bin/gnu/h-i686-mingw32/bin/../lib/gcc/nios2-elf/4.1.2/../../../../nios2-elf/lib\libc.a(lib_a-memchr.o)
 .bss           0x000189ec        0x0 d:/altera/12.1/nios2eds/bin/gnu/h-i686-mingw32/bin/../lib/gcc/nios2-elf/4.1.2/../../../../nios2-elf/lib\libc.a(lib_a-memcpy.o)
 .bss           0x000189ec        0x0 d:/altera/12.1/nios2eds/bin/gnu/h-i686-mingw32/bin/../lib/gcc/nios2-elf/4.1.2/../../../../nios2-elf/lib\libc.a(lib_a-memmove.o)
 .bss           0x000189ec        0x0 d:/altera/12.1/nios2eds/bin/gnu/h-i686-mingw32/bin/../lib/gcc/nios2-elf/4.1.2/../../../../nios2-elf/lib\libc.a(lib_a-reallocr.o)
 .bss           0x000189ec        0x0 d:/altera/12.1/nios2eds/bin/gnu/h-i686-mingw32/bin/../lib/gcc/nios2-elf/4.1.2/../../../../nios2-elf/lib\libc.a(lib_a-sbrkr.o)
 .bss           0x000189ec        0x0 d:/altera/12.1/nios2eds/bin/gnu/h-i686-mingw32/bin/../lib/gcc/nios2-elf/4.1.2/../../../../nios2-elf/lib\libc.a(lib_a-wsetup.o)
 .bss           0x000189ec        0x0 d:/altera/12.1/nios2eds/bin/gnu/h-i686-mingw32/bin/../lib/gcc/nios2-elf/4.1.2/../../../../nios2-elf/lib\libc.a(lib_a-fflush.o)
 .bss           0x000189ec        0x0 d:/altera/12.1/nios2eds/bin/gnu/h-i686-mingw32/bin/../lib/gcc/nios2-elf/4.1.2/../../../../nios2-elf/lib\libc.a(lib_a-findfp.o)
 .bss           0x000189ec        0x0 d:/altera/12.1/nios2eds/bin/gnu/h-i686-mingw32/bin/../lib/gcc/nios2-elf/4.1.2/../../../../nios2-elf/lib\libc.a(lib_a-freer.o)
 .bss           0x000189ec        0x0 d:/altera/12.1/nios2eds/bin/gnu/h-i686-mingw32/bin/../lib/gcc/nios2-elf/4.1.2/../../../../nios2-elf/lib\libc.a(lib_a-fwalk.o)
 .bss           0x000189ec        0x0 d:/altera/12.1/nios2eds/bin/gnu/h-i686-mingw32/bin/../lib/gcc/nios2-elf/4.1.2/../../../../nios2-elf/lib\libc.a(lib_a-int_errno.o)
 .bss           0x000189ec        0x0 d:/altera/12.1/nios2eds/bin/gnu/h-i686-mingw32/bin/../lib/gcc/nios2-elf/4.1.2/../../../../nios2-elf/lib\libc.a(lib_a-makebuf.o)
 .bss           0x000189ec        0x0 d:/altera/12.1/nios2eds/bin/gnu/h-i686-mingw32/bin/../lib/gcc/nios2-elf/4.1.2/../../../../nios2-elf/lib\libc.a(lib_a-memset.o)
 .bss           0x000189ec        0x0 d:/altera/12.1/nios2eds/bin/gnu/h-i686-mingw32/bin/../lib/gcc/nios2-elf/4.1.2/../../../../nios2-elf/lib\libc.a(lib_a-stdio.o)
 .bss           0x000189ec        0x0 d:/altera/12.1/nios2eds/bin/gnu/h-i686-mingw32/bin/../lib/gcc/nios2-elf/4.1.2/../../../../nios2-elf/lib\libc.a(lib_a-writer.o)
 .bss           0x000189ec        0x0 d:/altera/12.1/nios2eds/bin/gnu/h-i686-mingw32/bin/../lib/gcc/nios2-elf/4.1.2/../../../../nios2-elf/lib\libc.a(lib_a-closer.o)
 .bss           0x000189ec        0x0 d:/altera/12.1/nios2eds/bin/gnu/h-i686-mingw32/bin/../lib/gcc/nios2-elf/4.1.2/../../../../nios2-elf/lib\libc.a(lib_a-fclose.o)
 .bss           0x000189ec        0x0 d:/altera/12.1/nios2eds/bin/gnu/h-i686-mingw32/bin/../lib/gcc/nios2-elf/4.1.2/../../../../nios2-elf/lib\libc.a(lib_a-fstatr.o)
 .bss           0x000189ec        0x0 d:/altera/12.1/nios2eds/bin/gnu/h-i686-mingw32/bin/../lib/gcc/nios2-elf/4.1.2/../../../../nios2-elf/lib\libc.a(lib_a-isattyr.o)
 .bss           0x000189ec        0x0 d:/altera/12.1/nios2eds/bin/gnu/h-i686-mingw32/bin/../lib/gcc/nios2-elf/4.1.2/../../../../nios2-elf/lib\libc.a(lib_a-lseekr.o)
 .bss           0x000189ec        0x0 d:/altera/12.1/nios2eds/bin/gnu/h-i686-mingw32/bin/../lib/gcc/nios2-elf/4.1.2/../../../../nios2-elf/lib\libc.a(lib_a-readr.o)
 .bss           0x000189ec        0x0 ../HELLO_WORLD_bsp/\libhal_bsp.a(alt_close.o)
 .bss           0x000189ec        0x0 ../HELLO_WORLD_bsp/\libhal_bsp.a(alt_dev.o)
 .bss           0x000189ec        0x0 ../HELLO_WORLD_bsp/\libhal_bsp.a(alt_errno.o)
 .bss           0x000189ec        0x0 ../HELLO_WORLD_bsp/\libhal_bsp.a(alt_fstat.o)
 .bss           0x000189ec        0x0 ../HELLO_WORLD_bsp/\libhal_bsp.a(alt_isatty.o)
 .bss           0x000189ec        0x0 ../HELLO_WORLD_bsp/\libhal_bsp.a(alt_load.o)
 .bss           0x000189ec        0x0 ../HELLO_WORLD_bsp/\libhal_bsp.a(alt_lseek.o)
 .bss           0x000189ec        0x0 ../HELLO_WORLD_bsp/\libhal_bsp.a(alt_main.o)
 .bss           0x000189ec        0x0 ../HELLO_WORLD_bsp/\libhal_bsp.a(alt_malloc_lock.o)
 .bss           0x000189ec        0x0 ../HELLO_WORLD_bsp/\libhal_bsp.a(alt_read.o)
 .bss           0x000189ec        0x0 ../HELLO_WORLD_bsp/\libhal_bsp.a(alt_release_fd.o)
 .bss           0x000189ec        0x0 ../HELLO_WORLD_bsp/\libhal_bsp.a(alt_sbrk.o)
 .bss           0x000189ec        0x0 ../HELLO_WORLD_bsp/\libhal_bsp.a(alt_write.o)
 .bss           0x000189ec        0x0 ../HELLO_WORLD_bsp/\libhal_bsp.a(alt_sys_init.o)
 .bss           0x000189ec        0x0 ../HELLO_WORLD_bsp/\libhal_bsp.a(altera_avalon_jtag_uart_fd.o)
 .bss           0x000189ec        0x0 ../HELLO_WORLD_bsp/\libhal_bsp.a(altera_avalon_jtag_uart_init.o)
 .bss           0x000189ec        0x0 ../HELLO_WORLD_bsp/\libhal_bsp.a(altera_avalon_jtag_uart_ioctl.o)
 .bss           0x000189ec        0x0 ../HELLO_WORLD_bsp/\libhal_bsp.a(altera_avalon_jtag_uart_read.o)
 .bss           0x000189ec        0x0 ../HELLO_WORLD_bsp/\libhal_bsp.a(altera_avalon_jtag_uart_write.o)
 .bss           0x000189ec        0x0 ../HELLO_WORLD_bsp/\libhal_bsp.a(alt_alarm_start.o)
 .bss           0x000189ec        0x0 ../HELLO_WORLD_bsp/\libhal_bsp.a(alt_dcache_flush_all.o)
 .bss           0x000189ec        0x0 ../HELLO_WORLD_bsp/\libhal_bsp.a(alt_dev_llist_insert.o)
 .bss           0x000189ec        0x0 ../HELLO_WORLD_bsp/\libhal_bsp.a(alt_do_ctors.o)
 .bss           0x000189ec        0x0 ../HELLO_WORLD_bsp/\libhal_bsp.a(alt_do_dtors.o)
 .bss           0x000189ec        0x0 ../HELLO_WORLD_bsp/\libhal_bsp.a(alt_icache_flush_all.o)
 .bss           0x000189ec        0x0 ../HELLO_WORLD_bsp/\libhal_bsp.a(alt_iic.o)
 .bss           0x000189ec        0x0 ../HELLO_WORLD_bsp/\libhal_bsp.a(alt_iic_isr_register.o)
 .bss           0x000189ec        0x0 ../HELLO_WORLD_bsp/\libhal_bsp.a(alt_io_redirect.o)
 .bss           0x000189ec        0x0 ../HELLO_WORLD_bsp/\libhal_bsp.a(alt_irq_entry.o)
 .bss           0x000189ec        0x0 ../HELLO_WORLD_bsp/\libhal_bsp.a(alt_irq_handler.o)
 .bss           0x000189ec        0x0 ../HELLO_WORLD_bsp/\libhal_bsp.a(alt_irq_vars.o)
 .bss           0x000189ec        0x0 ../HELLO_WORLD_bsp/\libhal_bsp.a(alt_open.o)
 .bss           0x000189ec        0x0 ../HELLO_WORLD_bsp/\libhal_bsp.a(alt_tick.o)
 .bss           0x000189ec        0x0 ../HELLO_WORLD_bsp/\libhal_bsp.a(altera_nios2_qsys_irq.o)
 .bss           0x000189ec        0x0 ../HELLO_WORLD_bsp/\libhal_bsp.a(alt_exception_entry.o)
 .bss           0x000189ec        0x0 ../HELLO_WORLD_bsp/\libhal_bsp.a(alt_find_dev.o)
 .bss           0x000189ec        0x0 ../HELLO_WORLD_bsp/\libhal_bsp.a(alt_find_file.o)
 .bss           0x000189ec        0x0 ../HELLO_WORLD_bsp/\libhal_bsp.a(alt_get_fd.o)
 .bss           0x000189ec        0x0 ../HELLO_WORLD_bsp/\libhal_bsp.a(alt_icache_flush.o)
 .bss           0x000189ec        0x0 d:/altera/12.1/nios2eds/bin/gnu/h-i686-mingw32/bin/../lib/gcc/nios2-elf/4.1.2/../../../../nios2-elf/lib\libc.a(lib_a-atexit.o)
 .bss           0x000189ec        0x0 d:/altera/12.1/nios2eds/bin/gnu/h-i686-mingw32/bin/../lib/gcc/nios2-elf/4.1.2/../../../../nios2-elf/lib\libc.a(lib_a-exit.o)
 .bss           0x000189ec        0x0 d:/altera/12.1/nios2eds/bin/gnu/h-i686-mingw32/bin/../lib/gcc/nios2-elf/4.1.2/../../../../nios2-elf/lib\libc.a(lib_a-memcmp.o)
 .bss           0x000189ec        0x0 d:/altera/12.1/nios2eds/bin/gnu/h-i686-mingw32/bin/../lib/gcc/nios2-elf/4.1.2/../../../../nios2-elf/lib\libc.a(lib_a-__atexit.o)
 .bss           0x000189ec        0x0 d:/altera/12.1/nios2eds/bin/gnu/h-i686-mingw32/bin/../lib/gcc/nios2-elf/4.1.2/../../../../nios2-elf/lib\libc.a(lib_a-__call_atexit.o)
 .bss           0x000189ec        0x0 ../HELLO_WORLD_bsp/\libhal_bsp.a(alt_exit.o)
 *(COMMON)
 COMMON         0x000189ec      0x100 ../HELLO_WORLD_bsp/\libhal_bsp.a(alt_irq_handler.o)
                0x000189ec                alt_irq
 COMMON         0x00018aec      0x190 d:/altera/12.1/nios2eds/bin/gnu/h-i686-mingw32/bin/../lib/gcc/nios2-elf/4.1.2/../../../../nios2-elf/lib\libc.a(lib_a-atexit.o)
                0x00018aec                _atexit0
                0x00018c7c                . = ALIGN (0x4)
                0x00018c7c                __bss_end = ABSOLUTE (.)

.onchip_memory  0x00018c7c        0x0
                0x00018c7c                PROVIDE (_alt_partition_onchip_memory_start, ABSOLUTE (.))
 *(.onchip_memory. onchip_memory.*)
                0x00018c7c                . = ALIGN (0x4)
                0x00018c7c                PROVIDE (_alt_partition_onchip_memory_end, ABSOLUTE (.))
                0x00018c7c                _end = ABSOLUTE (.)
                0x00018c7c                end = ABSOLUTE (.)
                0x00018c7c                __alt_stack_base = ABSOLUTE (.)
                0x00018c7c                PROVIDE (_alt_partition_onchip_memory_load_addr, LOADADDR (.onchip_memory))

.stab
 *(.stab)

.stabstr
 *(.stabstr)

.stab.excl
 *(.stab.excl)

.stab.exclstr
 *(.stab.exclstr)

.stab.index
 *(.stab.index)

.stab.indexstr
 *(.stab.indexstr)

.comment        0x00000000       0x23
 *(.comment)
 .comment       0x00000000       0x23 obj/default/hello_world.o
                                 0x24 (size before relaxing)
 .comment       0x00000000       0x24 d:/altera/12.1/nios2eds/bin/gnu/h-i686-mingw32/bin/../lib/gcc/nios2-elf/4.1.2/../../../../nios2-elf/lib\libc.a(lib_a-puts.o)
 .comment       0x00000000       0x24 d:/altera/12.1/nios2eds/bin/gnu/h-i686-mingw32/bin/../lib/gcc/nios2-elf/4.1.2/../../../../nios2-elf/lib\libc.a(lib_a-strlen.o)
 .comment       0x00000000       0x24 d:/altera/12.1/nios2eds/bin/gnu/h-i686-mingw32/bin/../lib/gcc/nios2-elf/4.1.2/../../../../nios2-elf/lib\libc.a(lib_a-fvwrite.o)
 .comment       0x00000000       0x24 d:/altera/12.1/nios2eds/bin/gnu/h-i686-mingw32/bin/../lib/gcc/nios2-elf/4.1.2/../../../../nios2-elf/lib\libc.a(lib_a-impure.o)
 .comment       0x00000000       0x24 d:/altera/12.1/nios2eds/bin/gnu/h-i686-mingw32/bin/../lib/gcc/nios2-elf/4.1.2/../../../../nios2-elf/lib\libc.a(lib_a-mallocr.o)
 .comment       0x00000000       0x24 d:/altera/12.1/nios2eds/bin/gnu/h-i686-mingw32/bin/../lib/gcc/nios2-elf/4.1.2/../../../../nios2-elf/lib\libc.a(lib_a-memchr.o)
 .comment       0x00000000       0x24 d:/altera/12.1/nios2eds/bin/gnu/h-i686-mingw32/bin/../lib/gcc/nios2-elf/4.1.2/../../../../nios2-elf/lib\libc.a(lib_a-memcpy.o)
 .comment       0x00000000       0x24 d:/altera/12.1/nios2eds/bin/gnu/h-i686-mingw32/bin/../lib/gcc/nios2-elf/4.1.2/../../../../nios2-elf/lib\libc.a(lib_a-memmove.o)
 .comment       0x00000000       0x24 d:/altera/12.1/nios2eds/bin/gnu/h-i686-mingw32/bin/../lib/gcc/nios2-elf/4.1.2/../../../../nios2-elf/lib\libc.a(lib_a-reallocr.o)
 .comment       0x00000000       0x24 d:/altera/12.1/nios2eds/bin/gnu/h-i686-mingw32/bin/../lib/gcc/nios2-elf/4.1.2/../../../../nios2-elf/lib\libc.a(lib_a-sbrkr.o)
 .comment       0x00000000       0x24 d:/altera/12.1/nios2eds/bin/gnu/h-i686-mingw32/bin/../lib/gcc/nios2-elf/4.1.2/../../../../nios2-elf/lib\libc.a(lib_a-wsetup.o)
 .comment       0x00000000       0x24 d:/altera/12.1/nios2eds/bin/gnu/h-i686-mingw32/bin/../lib/gcc/nios2-elf/4.1.2/../../../../nios2-elf/lib\libc.a(lib_a-fflush.o)
 .comment       0x00000000       0x24 d:/altera/12.1/nios2eds/bin/gnu/h-i686-mingw32/bin/../lib/gcc/nios2-elf/4.1.2/../../../../nios2-elf/lib\libc.a(lib_a-findfp.o)
 .comment       0x00000000       0x24 d:/altera/12.1/nios2eds/bin/gnu/h-i686-mingw32/bin/../lib/gcc/nios2-elf/4.1.2/../../../../nios2-elf/lib\libc.a(lib_a-freer.o)
 .comment       0x00000000       0x24 d:/altera/12.1/nios2eds/bin/gnu/h-i686-mingw32/bin/../lib/gcc/nios2-elf/4.1.2/../../../../nios2-elf/lib\libc.a(lib_a-fwalk.o)
 .comment       0x00000000       0x24 d:/altera/12.1/nios2eds/bin/gnu/h-i686-mingw32/bin/../lib/gcc/nios2-elf/4.1.2/../../../../nios2-elf/lib\libc.a(lib_a-int_errno.o)
 .comment       0x00000000       0x24 d:/altera/12.1/nios2eds/bin/gnu/h-i686-mingw32/bin/../lib/gcc/nios2-elf/4.1.2/../../../../nios2-elf/lib\libc.a(lib_a-makebuf.o)
 .comment       0x00000000       0x24 d:/altera/12.1/nios2eds/bin/gnu/h-i686-mingw32/bin/../lib/gcc/nios2-elf/4.1.2/../../../../nios2-elf/lib\libc.a(lib_a-memset.o)
 .comment       0x00000000       0x24 d:/altera/12.1/nios2eds/bin/gnu/h-i686-mingw32/bin/../lib/gcc/nios2-elf/4.1.2/../../../../nios2-elf/lib\libc.a(lib_a-stdio.o)
 .comment       0x00000000       0x24 d:/altera/12.1/nios2eds/bin/gnu/h-i686-mingw32/bin/../lib/gcc/nios2-elf/4.1.2/../../../../nios2-elf/lib\libc.a(lib_a-writer.o)
 .comment       0x00000000       0x24 d:/altera/12.1/nios2eds/bin/gnu/h-i686-mingw32/bin/../lib/gcc/nios2-elf/4.1.2/../../../../nios2-elf/lib\libc.a(lib_a-closer.o)
 .comment       0x00000000       0x24 d:/altera/12.1/nios2eds/bin/gnu/h-i686-mingw32/bin/../lib/gcc/nios2-elf/4.1.2/../../../../nios2-elf/lib\libc.a(lib_a-fclose.o)
 .comment       0x00000000       0x24 d:/altera/12.1/nios2eds/bin/gnu/h-i686-mingw32/bin/../lib/gcc/nios2-elf/4.1.2/../../../../nios2-elf/lib\libc.a(lib_a-fstatr.o)
 .comment       0x00000000       0x24 d:/altera/12.1/nios2eds/bin/gnu/h-i686-mingw32/bin/../lib/gcc/nios2-elf/4.1.2/../../../../nios2-elf/lib\libc.a(lib_a-isattyr.o)
 .comment       0x00000000       0x24 d:/altera/12.1/nios2eds/bin/gnu/h-i686-mingw32/bin/../lib/gcc/nios2-elf/4.1.2/../../../../nios2-elf/lib\libc.a(lib_a-lseekr.o)
 .comment       0x00000000       0x24 d:/altera/12.1/nios2eds/bin/gnu/h-i686-mingw32/bin/../lib/gcc/nios2-elf/4.1.2/../../../../nios2-elf/lib\libc.a(lib_a-readr.o)
 .comment       0x00000000       0x24 ../HELLO_WORLD_bsp/\libhal_bsp.a(alt_close.o)
 .comment       0x00000000       0x24 ../HELLO_WORLD_bsp/\libhal_bsp.a(alt_dev.o)
 .comment       0x00000000       0x24 ../HELLO_WORLD_bsp/\libhal_bsp.a(alt_errno.o)
 .comment       0x00000000       0x24 ../HELLO_WORLD_bsp/\libhal_bsp.a(alt_fstat.o)
 .comment       0x00000000       0x24 ../HELLO_WORLD_bsp/\libhal_bsp.a(alt_isatty.o)
 .comment       0x00000000       0x24 ../HELLO_WORLD_bsp/\libhal_bsp.a(alt_load.o)
 .comment       0x00000000       0x24 ../HELLO_WORLD_bsp/\libhal_bsp.a(alt_lseek.o)
 .comment       0x00000000       0x24 ../HELLO_WORLD_bsp/\libhal_bsp.a(alt_main.o)
 .comment       0x00000000       0x24 ../HELLO_WORLD_bsp/\libhal_bsp.a(alt_malloc_lock.o)
 .comment       0x00000000       0x24 ../HELLO_WORLD_bsp/\libhal_bsp.a(alt_read.o)
 .comment       0x00000000       0x24 ../HELLO_WORLD_bsp/\libhal_bsp.a(alt_release_fd.o)
 .comment       0x00000000       0x24 ../HELLO_WORLD_bsp/\libhal_bsp.a(alt_sbrk.o)
 .comment       0x00000000       0x24 ../HELLO_WORLD_bsp/\libhal_bsp.a(alt_write.o)
 .comment       0x00000000       0x24 ../HELLO_WORLD_bsp/\libhal_bsp.a(alt_sys_init.o)
 .comment       0x00000000       0x24 ../HELLO_WORLD_bsp/\libhal_bsp.a(altera_avalon_jtag_uart_fd.o)
 .comment       0x00000000       0x24 ../HELLO_WORLD_bsp/\libhal_bsp.a(altera_avalon_jtag_uart_init.o)
 .comment       0x00000000       0x24 ../HELLO_WORLD_bsp/\libhal_bsp.a(altera_avalon_jtag_uart_ioctl.o)
 .comment       0x00000000       0x24 ../HELLO_WORLD_bsp/\libhal_bsp.a(altera_avalon_jtag_uart_read.o)
 .comment       0x00000000       0x24 ../HELLO_WORLD_bsp/\libhal_bsp.a(altera_avalon_jtag_uart_write.o)
 .comment       0x00000000       0x24 ../HELLO_WORLD_bsp/\libhal_bsp.a(alt_alarm_start.o)
 .comment       0x00000000       0x24 ../HELLO_WORLD_bsp/\libhal_bsp.a(alt_dcache_flush_all.o)
 .comment       0x00000000       0x24 ../HELLO_WORLD_bsp/\libhal_bsp.a(alt_dev_llist_insert.o)
 .comment       0x00000000       0x24 ../HELLO_WORLD_bsp/\libhal_bsp.a(alt_do_ctors.o)
 .comment       0x00000000       0x24 ../HELLO_WORLD_bsp/\libhal_bsp.a(alt_do_dtors.o)
 .comment       0x00000000       0x24 ../HELLO_WORLD_bsp/\libhal_bsp.a(alt_icache_flush_all.o)
 .comment       0x00000000       0x24 ../HELLO_WORLD_bsp/\libhal_bsp.a(alt_iic.o)
 .comment       0x00000000       0x24 ../HELLO_WORLD_bsp/\libhal_bsp.a(alt_iic_isr_register.o)
 .comment       0x00000000       0x24 ../HELLO_WORLD_bsp/\libhal_bsp.a(alt_io_redirect.o)
 .comment       0x00000000       0x24 ../HELLO_WORLD_bsp/\libhal_bsp.a(alt_irq_handler.o)
 .comment       0x00000000       0x24 ../HELLO_WORLD_bsp/\libhal_bsp.a(alt_irq_vars.o)
 .comment       0x00000000       0x24 ../HELLO_WORLD_bsp/\libhal_bsp.a(alt_open.o)
 .comment       0x00000000       0x24 ../HELLO_WORLD_bsp/\libhal_bsp.a(alt_tick.o)
 .comment       0x00000000       0x24 ../HELLO_WORLD_bsp/\libhal_bsp.a(altera_nios2_qsys_irq.o)
 .comment       0x00000000       0x24 ../HELLO_WORLD_bsp/\libhal_bsp.a(alt_find_dev.o)
 .comment       0x00000000       0x24 ../HELLO_WORLD_bsp/\libhal_bsp.a(alt_find_file.o)
 .comment       0x00000000       0x24 ../HELLO_WORLD_bsp/\libhal_bsp.a(alt_get_fd.o)
 .comment       0x00000000       0x24 ../HELLO_WORLD_bsp/\libhal_bsp.a(alt_icache_flush.o)
 .comment       0x00000000       0x24 d:/altera/12.1/nios2eds/bin/gnu/h-i686-mingw32/bin/../lib/gcc/nios2-elf/4.1.2/../../../../nios2-elf/lib\libc.a(lib_a-atexit.o)
 .comment       0x00000000       0x24 d:/altera/12.1/nios2eds/bin/gnu/h-i686-mingw32/bin/../lib/gcc/nios2-elf/4.1.2/../../../../nios2-elf/lib\libc.a(lib_a-exit.o)
 .comment       0x00000000       0x24 d:/altera/12.1/nios2eds/bin/gnu/h-i686-mingw32/bin/../lib/gcc/nios2-elf/4.1.2/../../../../nios2-elf/lib\libc.a(lib_a-memcmp.o)
 .comment       0x00000000       0x24 d:/altera/12.1/nios2eds/bin/gnu/h-i686-mingw32/bin/../lib/gcc/nios2-elf/4.1.2/../../../../nios2-elf/lib\libc.a(lib_a-__atexit.o)
 .comment       0x00000000       0x24 d:/altera/12.1/nios2eds/bin/gnu/h-i686-mingw32/bin/../lib/gcc/nios2-elf/4.1.2/../../../../nios2-elf/lib\libc.a(lib_a-__call_atexit.o)
 .comment       0x00000000       0x24 ../HELLO_WORLD_bsp/\libhal_bsp.a(alt_exit.o)

.debug
 *(.debug)

.line
 *(.line)

.debug_srcinfo
 *(.debug_srcinfo)

.debug_sfnames
 *(.debug_sfnames)

.debug_aranges  0x00000000      0x8d8
 *(.debug_aranges)
 .debug_aranges
                0x00000000       0x28 ../HELLO_WORLD_bsp//obj/HAL/src/crt0.o
 .debug_aranges
                0x00000028       0x20 obj/default/hello_world.o
 .debug_aranges
                0x00000048       0x20 d:/altera/12.1/nios2eds/bin/gnu/h-i686-mingw32/bin/../lib/gcc/nios2-elf/4.1.2/../../../../nios2-elf/lib\libc.a(lib_a-puts.o)
 .debug_aranges
                0x00000068       0x20 d:/altera/12.1/nios2eds/bin/gnu/h-i686-mingw32/bin/../lib/gcc/nios2-elf/4.1.2/../../../../nios2-elf/lib\libc.a(lib_a-strlen.o)
 .debug_aranges
                0x00000088       0x20 d:/altera/12.1/nios2eds/bin/gnu/h-i686-mingw32/bin/../lib/gcc/nios2-elf/4.1.2/../../../../nios2-elf/lib\libc.a(lib_a-fvwrite.o)
 .debug_aranges
                0x000000a8       0x20 d:/altera/12.1/nios2eds/bin/gnu/h-i686-mingw32/bin/../lib/gcc/nios2-elf/4.1.2/../../../../nios2-elf/lib\libc.a(lib_a-mallocr.o)
 .debug_aranges
                0x000000c8       0x20 d:/altera/12.1/nios2eds/bin/gnu/h-i686-mingw32/bin/../lib/gcc/nios2-elf/4.1.2/../../../../nios2-elf/lib\libc.a(lib_a-memchr.o)
 .debug_aranges
                0x000000e8       0x20 d:/altera/12.1/nios2eds/bin/gnu/h-i686-mingw32/bin/../lib/gcc/nios2-elf/4.1.2/../../../../nios2-elf/lib\libc.a(lib_a-memcpy.o)
 .debug_aranges
                0x00000108       0x20 d:/altera/12.1/nios2eds/bin/gnu/h-i686-mingw32/bin/../lib/gcc/nios2-elf/4.1.2/../../../../nios2-elf/lib\libc.a(lib_a-memmove.o)
 .debug_aranges
                0x00000128       0x20 d:/altera/12.1/nios2eds/bin/gnu/h-i686-mingw32/bin/../lib/gcc/nios2-elf/4.1.2/../../../../nios2-elf/lib\libc.a(lib_a-reallocr.o)
 .debug_aranges
                0x00000148       0x20 d:/altera/12.1/nios2eds/bin/gnu/h-i686-mingw32/bin/../lib/gcc/nios2-elf/4.1.2/../../../../nios2-elf/lib\libc.a(lib_a-sbrkr.o)
 .debug_aranges
                0x00000168       0x20 d:/altera/12.1/nios2eds/bin/gnu/h-i686-mingw32/bin/../lib/gcc/nios2-elf/4.1.2/../../../../nios2-elf/lib\libc.a(lib_a-wsetup.o)
 .debug_aranges
                0x00000188       0x20 d:/altera/12.1/nios2eds/bin/gnu/h-i686-mingw32/bin/../lib/gcc/nios2-elf/4.1.2/../../../../nios2-elf/lib\libc.a(lib_a-fflush.o)
 .debug_aranges
                0x000001a8       0x20 d:/altera/12.1/nios2eds/bin/gnu/h-i686-mingw32/bin/../lib/gcc/nios2-elf/4.1.2/../../../../nios2-elf/lib\libc.a(lib_a-findfp.o)
 .debug_aranges
                0x000001c8       0x20 d:/altera/12.1/nios2eds/bin/gnu/h-i686-mingw32/bin/../lib/gcc/nios2-elf/4.1.2/../../../../nios2-elf/lib\libc.a(lib_a-freer.o)
 .debug_aranges
                0x000001e8       0x20 d:/altera/12.1/nios2eds/bin/gnu/h-i686-mingw32/bin/../lib/gcc/nios2-elf/4.1.2/../../../../nios2-elf/lib\libc.a(lib_a-fwalk.o)
 .debug_aranges
                0x00000208       0x20 d:/altera/12.1/nios2eds/bin/gnu/h-i686-mingw32/bin/../lib/gcc/nios2-elf/4.1.2/../../../../nios2-elf/lib\libc.a(lib_a-makebuf.o)
 .debug_aranges
                0x00000228       0x20 d:/altera/12.1/nios2eds/bin/gnu/h-i686-mingw32/bin/../lib/gcc/nios2-elf/4.1.2/../../../../nios2-elf/lib\libc.a(lib_a-memset.o)
 .debug_aranges
                0x00000248       0x20 d:/altera/12.1/nios2eds/bin/gnu/h-i686-mingw32/bin/../lib/gcc/nios2-elf/4.1.2/../../../../nios2-elf/lib\libc.a(lib_a-stdio.o)
 .debug_aranges
                0x00000268       0x20 d:/altera/12.1/nios2eds/bin/gnu/h-i686-mingw32/bin/../lib/gcc/nios2-elf/4.1.2/../../../../nios2-elf/lib\libc.a(lib_a-writer.o)
 .debug_aranges
                0x00000288       0x20 d:/altera/12.1/nios2eds/bin/gnu/h-i686-mingw32/bin/../lib/gcc/nios2-elf/4.1.2/../../../../nios2-elf/lib\libc.a(lib_a-closer.o)
 .debug_aranges
                0x000002a8       0x20 d:/altera/12.1/nios2eds/bin/gnu/h-i686-mingw32/bin/../lib/gcc/nios2-elf/4.1.2/../../../../nios2-elf/lib\libc.a(lib_a-fclose.o)
 .debug_aranges
                0x000002c8       0x20 d:/altera/12.1/nios2eds/bin/gnu/h-i686-mingw32/bin/../lib/gcc/nios2-elf/4.1.2/../../../../nios2-elf/lib\libc.a(lib_a-fstatr.o)
 .debug_aranges
                0x000002e8       0x20 d:/altera/12.1/nios2eds/bin/gnu/h-i686-mingw32/bin/../lib/gcc/nios2-elf/4.1.2/../../../../nios2-elf/lib\libc.a(lib_a-isattyr.o)
 .debug_aranges
                0x00000308       0x20 d:/altera/12.1/nios2eds/bin/gnu/h-i686-mingw32/bin/../lib/gcc/nios2-elf/4.1.2/../../../../nios2-elf/lib\libc.a(lib_a-lseekr.o)
 .debug_aranges
                0x00000328       0x20 d:/altera/12.1/nios2eds/bin/gnu/h-i686-mingw32/bin/../lib/gcc/nios2-elf/4.1.2/../../../../nios2-elf/lib\libc.a(lib_a-readr.o)
 .debug_aranges
                0x00000348       0x20 ../HELLO_WORLD_bsp/\libhal_bsp.a(alt_close.o)
 .debug_aranges
                0x00000368       0x20 ../HELLO_WORLD_bsp/\libhal_bsp.a(alt_dev.o)
 .debug_aranges
                0x00000388       0x20 ../HELLO_WORLD_bsp/\libhal_bsp.a(alt_fstat.o)
 .debug_aranges
                0x000003a8       0x20 ../HELLO_WORLD_bsp/\libhal_bsp.a(alt_isatty.o)
 .debug_aranges
                0x000003c8       0x20 ../HELLO_WORLD_bsp/\libhal_bsp.a(alt_load.o)
 .debug_aranges
                0x000003e8       0x20 ../HELLO_WORLD_bsp/\libhal_bsp.a(alt_lseek.o)
 .debug_aranges
                0x00000408       0x20 ../HELLO_WORLD_bsp/\libhal_bsp.a(alt_main.o)
 .debug_aranges
                0x00000428       0x20 ../HELLO_WORLD_bsp/\libhal_bsp.a(alt_malloc_lock.o)
 .debug_aranges
                0x00000448       0x20 ../HELLO_WORLD_bsp/\libhal_bsp.a(alt_read.o)
 .debug_aranges
                0x00000468       0x20 ../HELLO_WORLD_bsp/\libhal_bsp.a(alt_release_fd.o)
 .debug_aranges
                0x00000488       0x20 ../HELLO_WORLD_bsp/\libhal_bsp.a(alt_sbrk.o)
 .debug_aranges
                0x000004a8       0x20 ../HELLO_WORLD_bsp/\libhal_bsp.a(alt_write.o)
 .debug_aranges
                0x000004c8       0x20 ../HELLO_WORLD_bsp/\libhal_bsp.a(alt_sys_init.o)
 .debug_aranges
                0x000004e8       0x20 ../HELLO_WORLD_bsp/\libhal_bsp.a(altera_avalon_jtag_uart_fd.o)
 .debug_aranges
                0x00000508       0x20 ../HELLO_WORLD_bsp/\libhal_bsp.a(altera_avalon_jtag_uart_init.o)
 .debug_aranges
                0x00000528       0x20 ../HELLO_WORLD_bsp/\libhal_bsp.a(altera_avalon_jtag_uart_ioctl.o)
 .debug_aranges
                0x00000548       0x20 ../HELLO_WORLD_bsp/\libhal_bsp.a(altera_avalon_jtag_uart_read.o)
 .debug_aranges
                0x00000568       0x20 ../HELLO_WORLD_bsp/\libhal_bsp.a(altera_avalon_jtag_uart_write.o)
 .debug_aranges
                0x00000588       0x20 ../HELLO_WORLD_bsp/\libhal_bsp.a(alt_alarm_start.o)
 .debug_aranges
                0x000005a8       0x20 ../HELLO_WORLD_bsp/\libhal_bsp.a(alt_dcache_flush_all.o)
 .debug_aranges
                0x000005c8       0x20 ../HELLO_WORLD_bsp/\libhal_bsp.a(alt_dev_llist_insert.o)
 .debug_aranges
                0x000005e8       0x20 ../HELLO_WORLD_bsp/\libhal_bsp.a(alt_do_ctors.o)
 .debug_aranges
                0x00000608       0x20 ../HELLO_WORLD_bsp/\libhal_bsp.a(alt_do_dtors.o)
 .debug_aranges
                0x00000628       0x20 ../HELLO_WORLD_bsp/\libhal_bsp.a(alt_icache_flush_all.o)
 .debug_aranges
                0x00000648       0x20 ../HELLO_WORLD_bsp/\libhal_bsp.a(alt_iic.o)
 .debug_aranges
                0x00000668       0x20 ../HELLO_WORLD_bsp/\libhal_bsp.a(alt_iic_isr_register.o)
 .debug_aranges
                0x00000688       0x20 ../HELLO_WORLD_bsp/\libhal_bsp.a(alt_io_redirect.o)
 .debug_aranges
                0x000006a8       0x30 ../HELLO_WORLD_bsp/\libhal_bsp.a(alt_irq_entry.o)
 .debug_aranges
                0x000006d8       0x28 ../HELLO_WORLD_bsp/\libhal_bsp.a(alt_irq_handler.o)
 .debug_aranges
                0x00000700       0x20 ../HELLO_WORLD_bsp/\libhal_bsp.a(alt_open.o)
 .debug_aranges
                0x00000720       0x20 ../HELLO_WORLD_bsp/\libhal_bsp.a(alt_tick.o)
 .debug_aranges
                0x00000740       0x20 ../HELLO_WORLD_bsp/\libhal_bsp.a(altera_nios2_qsys_irq.o)
 .debug_aranges
                0x00000760       0x38 ../HELLO_WORLD_bsp/\libhal_bsp.a(alt_exception_entry.o)
 .debug_aranges
                0x00000798       0x20 ../HELLO_WORLD_bsp/\libhal_bsp.a(alt_find_dev.o)
 .debug_aranges
                0x000007b8       0x20 ../HELLO_WORLD_bsp/\libhal_bsp.a(alt_find_file.o)
 .debug_aranges
                0x000007d8       0x20 ../HELLO_WORLD_bsp/\libhal_bsp.a(alt_get_fd.o)
 .debug_aranges
                0x000007f8       0x20 ../HELLO_WORLD_bsp/\libhal_bsp.a(alt_icache_flush.o)
 .debug_aranges
                0x00000818       0x20 d:/altera/12.1/nios2eds/bin/gnu/h-i686-mingw32/bin/../lib/gcc/nios2-elf/4.1.2/../../../../nios2-elf/lib\libc.a(lib_a-atexit.o)
 .debug_aranges
                0x00000838       0x20 d:/altera/12.1/nios2eds/bin/gnu/h-i686-mingw32/bin/../lib/gcc/nios2-elf/4.1.2/../../../../nios2-elf/lib\libc.a(lib_a-exit.o)
 .debug_aranges
                0x00000858       0x20 d:/altera/12.1/nios2eds/bin/gnu/h-i686-mingw32/bin/../lib/gcc/nios2-elf/4.1.2/../../../../nios2-elf/lib\libc.a(lib_a-memcmp.o)
 .debug_aranges
                0x00000878       0x20 d:/altera/12.1/nios2eds/bin/gnu/h-i686-mingw32/bin/../lib/gcc/nios2-elf/4.1.2/../../../../nios2-elf/lib\libc.a(lib_a-__atexit.o)
 .debug_aranges
                0x00000898       0x20 d:/altera/12.1/nios2eds/bin/gnu/h-i686-mingw32/bin/../lib/gcc/nios2-elf/4.1.2/../../../../nios2-elf/lib\libc.a(lib_a-__call_atexit.o)
 .debug_aranges
                0x000008b8       0x20 ../HELLO_WORLD_bsp/\libhal_bsp.a(alt_exit.o)

.debug_pubnames
                0x00000000      0xd22
 *(.debug_pubnames)
 .debug_pubnames
                0x00000000       0x1b obj/default/hello_world.o
 .debug_pubnames
                0x0000001b       0x27 d:/altera/12.1/nios2eds/bin/gnu/h-i686-mingw32/bin/../lib/gcc/nios2-elf/4.1.2/../../../../nios2-elf/lib\libc.a(lib_a-puts.o)
 .debug_pubnames
                0x00000042       0x1d d:/altera/12.1/nios2eds/bin/gnu/h-i686-mingw32/bin/../lib/gcc/nios2-elf/4.1.2/../../../../nios2-elf/lib\libc.a(lib_a-strlen.o)
 .debug_pubnames
                0x0000005f       0x23 d:/altera/12.1/nios2eds/bin/gnu/h-i686-mingw32/bin/../lib/gcc/nios2-elf/4.1.2/../../../../nios2-elf/lib\libc.a(lib_a-fvwrite.o)
 .debug_pubnames
                0x00000082       0x39 d:/altera/12.1/nios2eds/bin/gnu/h-i686-mingw32/bin/../lib/gcc/nios2-elf/4.1.2/../../../../nios2-elf/lib\libc.a(lib_a-impure.o)
 .debug_pubnames
                0x000000bb       0xce d:/altera/12.1/nios2eds/bin/gnu/h-i686-mingw32/bin/../lib/gcc/nios2-elf/4.1.2/../../../../nios2-elf/lib\libc.a(lib_a-mallocr.o)
 .debug_pubnames
                0x00000189       0x1d d:/altera/12.1/nios2eds/bin/gnu/h-i686-mingw32/bin/../lib/gcc/nios2-elf/4.1.2/../../../../nios2-elf/lib\libc.a(lib_a-memchr.o)
 .debug_pubnames
                0x000001a6       0x1d d:/altera/12.1/nios2eds/bin/gnu/h-i686-mingw32/bin/../lib/gcc/nios2-elf/4.1.2/../../../../nios2-elf/lib\libc.a(lib_a-memcpy.o)
 .debug_pubnames
                0x000001c3       0x1e d:/altera/12.1/nios2eds/bin/gnu/h-i686-mingw32/bin/../lib/gcc/nios2-elf/4.1.2/../../../../nios2-elf/lib\libc.a(lib_a-memmove.o)
 .debug_pubnames
                0x000001e1       0x21 d:/altera/12.1/nios2eds/bin/gnu/h-i686-mingw32/bin/../lib/gcc/nios2-elf/4.1.2/../../../../nios2-elf/lib\libc.a(lib_a-reallocr.o)
 .debug_pubnames
                0x00000202       0x1e d:/altera/12.1/nios2eds/bin/gnu/h-i686-mingw32/bin/../lib/gcc/nios2-elf/4.1.2/../../../../nios2-elf/lib\libc.a(lib_a-sbrkr.o)
 .debug_pubnames
                0x00000220       0x22 d:/altera/12.1/nios2eds/bin/gnu/h-i686-mingw32/bin/../lib/gcc/nios2-elf/4.1.2/../../../../nios2-elf/lib\libc.a(lib_a-wsetup.o)
 .debug_pubnames
                0x00000242       0x2b d:/altera/12.1/nios2eds/bin/gnu/h-i686-mingw32/bin/../lib/gcc/nios2-elf/4.1.2/../../../../nios2-elf/lib\libc.a(lib_a-fflush.o)
 .debug_pubnames
                0x0000026d       0xdb d:/altera/12.1/nios2eds/bin/gnu/h-i686-mingw32/bin/../lib/gcc/nios2-elf/4.1.2/../../../../nios2-elf/lib\libc.a(lib_a-findfp.o)
 .debug_pubnames
                0x00000348       0x31 d:/altera/12.1/nios2eds/bin/gnu/h-i686-mingw32/bin/../lib/gcc/nios2-elf/4.1.2/../../../../nios2-elf/lib\libc.a(lib_a-freer.o)
 .debug_pubnames
                0x00000379       0x2e d:/altera/12.1/nios2eds/bin/gnu/h-i686-mingw32/bin/../lib/gcc/nios2-elf/4.1.2/../../../../nios2-elf/lib\libc.a(lib_a-fwalk.o)
 .debug_pubnames
                0x000003a7       0x1c d:/altera/12.1/nios2eds/bin/gnu/h-i686-mingw32/bin/../lib/gcc/nios2-elf/4.1.2/../../../../nios2-elf/lib\libc.a(lib_a-int_errno.o)
 .debug_pubnames
                0x000003c3       0x23 d:/altera/12.1/nios2eds/bin/gnu/h-i686-mingw32/bin/../lib/gcc/nios2-elf/4.1.2/../../../../nios2-elf/lib\libc.a(lib_a-makebuf.o)
 .debug_pubnames
                0x000003e6       0x1d d:/altera/12.1/nios2eds/bin/gnu/h-i686-mingw32/bin/../lib/gcc/nios2-elf/4.1.2/../../../../nios2-elf/lib\libc.a(lib_a-memset.o)
 .debug_pubnames
                0x00000403       0x44 d:/altera/12.1/nios2eds/bin/gnu/h-i686-mingw32/bin/../lib/gcc/nios2-elf/4.1.2/../../../../nios2-elf/lib\libc.a(lib_a-stdio.o)
 .debug_pubnames
                0x00000447       0x1f d:/altera/12.1/nios2eds/bin/gnu/h-i686-mingw32/bin/../lib/gcc/nios2-elf/4.1.2/../../../../nios2-elf/lib\libc.a(lib_a-writer.o)
 .debug_pubnames
                0x00000466       0x1f d:/altera/12.1/nios2eds/bin/gnu/h-i686-mingw32/bin/../lib/gcc/nios2-elf/4.1.2/../../../../nios2-elf/lib\libc.a(lib_a-closer.o)
 .debug_pubnames
                0x00000485       0x2b d:/altera/12.1/nios2eds/bin/gnu/h-i686-mingw32/bin/../lib/gcc/nios2-elf/4.1.2/../../../../nios2-elf/lib\libc.a(lib_a-fclose.o)
 .debug_pubnames
                0x000004b0       0x1f d:/altera/12.1/nios2eds/bin/gnu/h-i686-mingw32/bin/../lib/gcc/nios2-elf/4.1.2/../../../../nios2-elf/lib\libc.a(lib_a-fstatr.o)
 .debug_pubnames
                0x000004cf       0x20 d:/altera/12.1/nios2eds/bin/gnu/h-i686-mingw32/bin/../lib/gcc/nios2-elf/4.1.2/../../../../nios2-elf/lib\libc.a(lib_a-isattyr.o)
 .debug_pubnames
                0x000004ef       0x1f d:/altera/12.1/nios2eds/bin/gnu/h-i686-mingw32/bin/../lib/gcc/nios2-elf/4.1.2/../../../../nios2-elf/lib\libc.a(lib_a-lseekr.o)
 .debug_pubnames
                0x0000050e       0x1e d:/altera/12.1/nios2eds/bin/gnu/h-i686-mingw32/bin/../lib/gcc/nios2-elf/4.1.2/../../../../nios2-elf/lib\libc.a(lib_a-readr.o)
 .debug_pubnames
                0x0000052c       0x1c ../HELLO_WORLD_bsp/\libhal_bsp.a(alt_close.o)
 .debug_pubnames
                0x00000548       0x63 ../HELLO_WORLD_bsp/\libhal_bsp.a(alt_dev.o)
 .debug_pubnames
                0x000005ab       0x20 ../HELLO_WORLD_bsp/\libhal_bsp.a(alt_errno.o)
 .debug_pubnames
                0x000005cb       0x1c ../HELLO_WORLD_bsp/\libhal_bsp.a(alt_fstat.o)
 .debug_pubnames
                0x000005e7       0x1d ../HELLO_WORLD_bsp/\libhal_bsp.a(alt_isatty.o)
 .debug_pubnames
                0x00000604       0x1f ../HELLO_WORLD_bsp/\libhal_bsp.a(alt_load.o)
 .debug_pubnames
                0x00000623       0x1c ../HELLO_WORLD_bsp/\libhal_bsp.a(alt_lseek.o)
 .debug_pubnames
                0x0000063f       0x46 ../HELLO_WORLD_bsp/\libhal_bsp.a(alt_main.o)
 .debug_pubnames
                0x00000685       0x38 ../HELLO_WORLD_bsp/\libhal_bsp.a(alt_malloc_lock.o)
 .debug_pubnames
                0x000006bd       0x1b ../HELLO_WORLD_bsp/\libhal_bsp.a(alt_read.o)
 .debug_pubnames
                0x000006d8       0x25 ../HELLO_WORLD_bsp/\libhal_bsp.a(alt_release_fd.o)
 .debug_pubnames
                0x000006fd       0x1b ../HELLO_WORLD_bsp/\libhal_bsp.a(alt_sbrk.o)
 .debug_pubnames
                0x00000718       0x1c ../HELLO_WORLD_bsp/\libhal_bsp.a(alt_write.o)
 .debug_pubnames
                0x00000734       0x34 ../HELLO_WORLD_bsp/\libhal_bsp.a(alt_sys_init.o)
 .debug_pubnames
                0x00000768       0xa5 ../HELLO_WORLD_bsp/\libhal_bsp.a(altera_avalon_jtag_uart_fd.o)
 .debug_pubnames
                0x0000080d       0x55 ../HELLO_WORLD_bsp/\libhal_bsp.a(altera_avalon_jtag_uart_init.o)
 .debug_pubnames
                0x00000862       0x34 ../HELLO_WORLD_bsp/\libhal_bsp.a(altera_avalon_jtag_uart_ioctl.o)
 .debug_pubnames
                0x00000896       0x33 ../HELLO_WORLD_bsp/\libhal_bsp.a(altera_avalon_jtag_uart_read.o)
 .debug_pubnames
                0x000008c9       0x34 ../HELLO_WORLD_bsp/\libhal_bsp.a(altera_avalon_jtag_uart_write.o)
 .debug_pubnames
                0x000008fd       0x26 ../HELLO_WORLD_bsp/\libhal_bsp.a(alt_alarm_start.o)
 .debug_pubnames
                0x00000923       0x2b ../HELLO_WORLD_bsp/\libhal_bsp.a(alt_dcache_flush_all.o)
 .debug_pubnames
                0x0000094e       0x2b ../HELLO_WORLD_bsp/\libhal_bsp.a(alt_dev_llist_insert.o)
 .debug_pubnames
                0x00000979       0x20 ../HELLO_WORLD_bsp/\libhal_bsp.a(alt_do_ctors.o)
 .debug_pubnames
                0x00000999       0x20 ../HELLO_WORLD_bsp/\libhal_bsp.a(alt_do_dtors.o)
 .debug_pubnames
                0x000009b9       0x2b ../HELLO_WORLD_bsp/\libhal_bsp.a(alt_icache_flush_all.o)
 .debug_pubnames
                0x000009e4       0x6e ../HELLO_WORLD_bsp/\libhal_bsp.a(alt_iic.o)
 .debug_pubnames
                0x00000a52       0x2b ../HELLO_WORLD_bsp/\libhal_bsp.a(alt_iic_isr_register.o)
 .debug_pubnames
                0x00000a7d       0x26 ../HELLO_WORLD_bsp/\libhal_bsp.a(alt_io_redirect.o)
 .debug_pubnames
                0x00000aa3       0x32 ../HELLO_WORLD_bsp/\libhal_bsp.a(alt_irq_handler.o)
 .debug_pubnames
                0x00000ad5       0x3b ../HELLO_WORLD_bsp/\libhal_bsp.a(alt_irq_vars.o)
 .debug_pubnames
                0x00000b10       0x1b ../HELLO_WORLD_bsp/\libhal_bsp.a(alt_open.o)
 .debug_pubnames
                0x00000b2b       0x68 ../HELLO_WORLD_bsp/\libhal_bsp.a(alt_tick.o)
 .debug_pubnames
                0x00000b93       0x31 ../HELLO_WORLD_bsp/\libhal_bsp.a(altera_nios2_qsys_irq.o)
 .debug_pubnames
                0x00000bc4       0x23 ../HELLO_WORLD_bsp/\libhal_bsp.a(alt_find_dev.o)
 .debug_pubnames
                0x00000be7       0x24 ../HELLO_WORLD_bsp/\libhal_bsp.a(alt_find_file.o)
 .debug_pubnames
                0x00000c0b       0x21 ../HELLO_WORLD_bsp/\libhal_bsp.a(alt_get_fd.o)
 .debug_pubnames
                0x00000c2c       0x27 ../HELLO_WORLD_bsp/\libhal_bsp.a(alt_icache_flush.o)
 .debug_pubnames
                0x00000c53       0x2a d:/altera/12.1/nios2eds/bin/gnu/h-i686-mingw32/bin/../lib/gcc/nios2-elf/4.1.2/../../../../nios2-elf/lib\libc.a(lib_a-atexit.o)
 .debug_pubnames
                0x00000c7d       0x1b d:/altera/12.1/nios2eds/bin/gnu/h-i686-mingw32/bin/../lib/gcc/nios2-elf/4.1.2/../../../../nios2-elf/lib\libc.a(lib_a-exit.o)
 .debug_pubnames
                0x00000c98       0x1d d:/altera/12.1/nios2eds/bin/gnu/h-i686-mingw32/bin/../lib/gcc/nios2-elf/4.1.2/../../../../nios2-elf/lib\libc.a(lib_a-memcmp.o)
 .debug_pubnames
                0x00000cb5       0x2a d:/altera/12.1/nios2eds/bin/gnu/h-i686-mingw32/bin/../lib/gcc/nios2-elf/4.1.2/../../../../nios2-elf/lib\libc.a(lib_a-__atexit.o)
 .debug_pubnames
                0x00000cdf       0x27 d:/altera/12.1/nios2eds/bin/gnu/h-i686-mingw32/bin/../lib/gcc/nios2-elf/4.1.2/../../../../nios2-elf/lib\libc.a(lib_a-__call_atexit.o)
 .debug_pubnames
                0x00000d06       0x1c ../HELLO_WORLD_bsp/\libhal_bsp.a(alt_exit.o)

.debug_info     0x00000000    0x19186
 *(.debug_info .gnu.linkonce.wi.*)
 .debug_info    0x00000000       0x65 ../HELLO_WORLD_bsp//obj/HAL/src/crt0.o
 .debug_info    0x00000065      0x124 obj/default/hello_world.o
 .debug_info    0x00000189      0xa25 d:/altera/12.1/nios2eds/bin/gnu/h-i686-mingw32/bin/../lib/gcc/nios2-elf/4.1.2/../../../../nios2-elf/lib\libc.a(lib_a-puts.o)
 .debug_info    0x00000bae       0xdb d:/altera/12.1/nios2eds/bin/gnu/h-i686-mingw32/bin/../lib/gcc/nios2-elf/4.1.2/../../../../nios2-elf/lib\libc.a(lib_a-strlen.o)
 .debug_info    0x00000c89      0xa88 d:/altera/12.1/nios2eds/bin/gnu/h-i686-mingw32/bin/../lib/gcc/nios2-elf/4.1.2/../../../../nios2-elf/lib\libc.a(lib_a-fvwrite.o)
 .debug_info    0x00001711      0x93d d:/altera/12.1/nios2eds/bin/gnu/h-i686-mingw32/bin/../lib/gcc/nios2-elf/4.1.2/../../../../nios2-elf/lib\libc.a(lib_a-impure.o)
 .debug_info    0x0000204e      0xcd0 d:/altera/12.1/nios2eds/bin/gnu/h-i686-mingw32/bin/../lib/gcc/nios2-elf/4.1.2/../../../../nios2-elf/lib\libc.a(lib_a-mallocr.o)
 .debug_info    0x00002d1e      0x138 d:/altera/12.1/nios2eds/bin/gnu/h-i686-mingw32/bin/../lib/gcc/nios2-elf/4.1.2/../../../../nios2-elf/lib\libc.a(lib_a-memchr.o)
 .debug_info    0x00002e56      0x106 d:/altera/12.1/nios2eds/bin/gnu/h-i686-mingw32/bin/../lib/gcc/nios2-elf/4.1.2/../../../../nios2-elf/lib\libc.a(lib_a-memcpy.o)
 .debug_info    0x00002f5c      0x13e d:/altera/12.1/nios2eds/bin/gnu/h-i686-mingw32/bin/../lib/gcc/nios2-elf/4.1.2/../../../../nios2-elf/lib\libc.a(lib_a-memmove.o)
 .debug_info    0x0000309a      0xbd7 d:/altera/12.1/nios2eds/bin/gnu/h-i686-mingw32/bin/../lib/gcc/nios2-elf/4.1.2/../../../../nios2-elf/lib\libc.a(lib_a-reallocr.o)
 .debug_info    0x00003c71      0x962 d:/altera/12.1/nios2eds/bin/gnu/h-i686-mingw32/bin/../lib/gcc/nios2-elf/4.1.2/../../../../nios2-elf/lib\libc.a(lib_a-sbrkr.o)
 .debug_info    0x000045d3      0x95d d:/altera/12.1/nios2eds/bin/gnu/h-i686-mingw32/bin/../lib/gcc/nios2-elf/4.1.2/../../../../nios2-elf/lib\libc.a(lib_a-wsetup.o)
 .debug_info    0x00004f30      0x9fe d:/altera/12.1/nios2eds/bin/gnu/h-i686-mingw32/bin/../lib/gcc/nios2-elf/4.1.2/../../../../nios2-elf/lib\libc.a(lib_a-fflush.o)
 .debug_info    0x0000592e      0xb72 d:/altera/12.1/nios2eds/bin/gnu/h-i686-mingw32/bin/../lib/gcc/nios2-elf/4.1.2/../../../../nios2-elf/lib\libc.a(lib_a-findfp.o)
 .debug_info    0x000064a0      0xbc9 d:/altera/12.1/nios2eds/bin/gnu/h-i686-mingw32/bin/../lib/gcc/nios2-elf/4.1.2/../../../../nios2-elf/lib\libc.a(lib_a-freer.o)
 .debug_info    0x00007069      0xaed d:/altera/12.1/nios2eds/bin/gnu/h-i686-mingw32/bin/../lib/gcc/nios2-elf/4.1.2/../../../../nios2-elf/lib\libc.a(lib_a-fwalk.o)
 .debug_info    0x00007b56       0x8c d:/altera/12.1/nios2eds/bin/gnu/h-i686-mingw32/bin/../lib/gcc/nios2-elf/4.1.2/../../../../nios2-elf/lib\libc.a(lib_a-int_errno.o)
 .debug_info    0x00007be2      0xb1a d:/altera/12.1/nios2eds/bin/gnu/h-i686-mingw32/bin/../lib/gcc/nios2-elf/4.1.2/../../../../nios2-elf/lib\libc.a(lib_a-makebuf.o)
 .debug_info    0x000086fc      0x113 d:/altera/12.1/nios2eds/bin/gnu/h-i686-mingw32/bin/../lib/gcc/nios2-elf/4.1.2/../../../../nios2-elf/lib\libc.a(lib_a-memset.o)
 .debug_info    0x0000880f      0xaac d:/altera/12.1/nios2eds/bin/gnu/h-i686-mingw32/bin/../lib/gcc/nios2-elf/4.1.2/../../../../nios2-elf/lib\libc.a(lib_a-stdio.o)
 .debug_info    0x000092bb      0x993 d:/altera/12.1/nios2eds/bin/gnu/h-i686-mingw32/bin/../lib/gcc/nios2-elf/4.1.2/../../../../nios2-elf/lib\libc.a(lib_a-writer.o)
 .debug_info    0x00009c4e      0x958 d:/altera/12.1/nios2eds/bin/gnu/h-i686-mingw32/bin/../lib/gcc/nios2-elf/4.1.2/../../../../nios2-elf/lib\libc.a(lib_a-closer.o)
 .debug_info    0x0000a5a6      0x994 d:/altera/12.1/nios2eds/bin/gnu/h-i686-mingw32/bin/../lib/gcc/nios2-elf/4.1.2/../../../../nios2-elf/lib\libc.a(lib_a-fclose.o)
 .debug_info    0x0000af3a      0xafc d:/altera/12.1/nios2eds/bin/gnu/h-i686-mingw32/bin/../lib/gcc/nios2-elf/4.1.2/../../../../nios2-elf/lib\libc.a(lib_a-fstatr.o)
 .debug_info    0x0000ba36      0x958 d:/altera/12.1/nios2eds/bin/gnu/h-i686-mingw32/bin/../lib/gcc/nios2-elf/4.1.2/../../../../nios2-elf/lib\libc.a(lib_a-isattyr.o)
 .debug_info    0x0000c38e      0x981 d:/altera/12.1/nios2eds/bin/gnu/h-i686-mingw32/bin/../lib/gcc/nios2-elf/4.1.2/../../../../nios2-elf/lib\libc.a(lib_a-lseekr.o)
 .debug_info    0x0000cd0f      0x98c d:/altera/12.1/nios2eds/bin/gnu/h-i686-mingw32/bin/../lib/gcc/nios2-elf/4.1.2/../../../../nios2-elf/lib\libc.a(lib_a-readr.o)
 .debug_info    0x0000d69b      0x451 ../HELLO_WORLD_bsp/\libhal_bsp.a(alt_close.o)
 .debug_info    0x0000daec      0x669 ../HELLO_WORLD_bsp/\libhal_bsp.a(alt_dev.o)
 .debug_info    0x0000e155      0x14e ../HELLO_WORLD_bsp/\libhal_bsp.a(alt_errno.o)
 .debug_info    0x0000e2a3      0x64a ../HELLO_WORLD_bsp/\libhal_bsp.a(alt_fstat.o)
 .debug_info    0x0000e8ed      0x650 ../HELLO_WORLD_bsp/\libhal_bsp.a(alt_isatty.o)
 .debug_info    0x0000ef3d      0x277 ../HELLO_WORLD_bsp/\libhal_bsp.a(alt_load.o)
 .debug_info    0x0000f1b4      0x484 ../HELLO_WORLD_bsp/\libhal_bsp.a(alt_lseek.o)
 .debug_info    0x0000f638      0x20f ../HELLO_WORLD_bsp/\libhal_bsp.a(alt_main.o)
 .debug_info    0x0000f847      0xc02 ../HELLO_WORLD_bsp/\libhal_bsp.a(alt_malloc_lock.o)
 .debug_info    0x00010449      0x674 ../HELLO_WORLD_bsp/\libhal_bsp.a(alt_read.o)
 .debug_info    0x00010abd      0x3dc ../HELLO_WORLD_bsp/\libhal_bsp.a(alt_release_fd.o)
 .debug_info    0x00010e99      0x2a1 ../HELLO_WORLD_bsp/\libhal_bsp.a(alt_sbrk.o)
 .debug_info    0x0001113a      0x67d ../HELLO_WORLD_bsp/\libhal_bsp.a(alt_write.o)
 .debug_info    0x000117b7      0x6c2 ../HELLO_WORLD_bsp/\libhal_bsp.a(alt_sys_init.o)
 .debug_info    0x00011e79      0x7c3 ../HELLO_WORLD_bsp/\libhal_bsp.a(altera_avalon_jtag_uart_fd.o)
 .debug_info    0x0001263c      0x5eb ../HELLO_WORLD_bsp/\libhal_bsp.a(altera_avalon_jtag_uart_init.o)
 .debug_info    0x00012c27      0x42d ../HELLO_WORLD_bsp/\libhal_bsp.a(altera_avalon_jtag_uart_ioctl.o)
 .debug_info    0x00013054      0x530 ../HELLO_WORLD_bsp/\libhal_bsp.a(altera_avalon_jtag_uart_read.o)
 .debug_info    0x00013584      0x528 ../HELLO_WORLD_bsp/\libhal_bsp.a(altera_avalon_jtag_uart_write.o)
 .debug_info    0x00013aac      0x42c ../HELLO_WORLD_bsp/\libhal_bsp.a(alt_alarm_start.o)
 .debug_info    0x00013ed8      0x159 ../HELLO_WORLD_bsp/\libhal_bsp.a(alt_dcache_flush_all.o)
 .debug_info    0x00014031      0x2a1 ../HELLO_WORLD_bsp/\libhal_bsp.a(alt_dev_llist_insert.o)
 .debug_info    0x000142d2       0xf9 ../HELLO_WORLD_bsp/\libhal_bsp.a(alt_do_ctors.o)
 .debug_info    0x000143cb       0xf8 ../HELLO_WORLD_bsp/\libhal_bsp.a(alt_do_dtors.o)
 .debug_info    0x000144c3      0x146 ../HELLO_WORLD_bsp/\libhal_bsp.a(alt_icache_flush_all.o)
 .debug_info    0x00014609      0x47d ../HELLO_WORLD_bsp/\libhal_bsp.a(alt_iic.o)
 .debug_info    0x00014a86      0x2fe ../HELLO_WORLD_bsp/\libhal_bsp.a(alt_iic_isr_register.o)
 .debug_info    0x00014d84      0x67f ../HELLO_WORLD_bsp/\libhal_bsp.a(alt_io_redirect.o)
 .debug_info    0x00015403       0x6e ../HELLO_WORLD_bsp/\libhal_bsp.a(alt_irq_entry.o)
 .debug_info    0x00015471      0x25f ../HELLO_WORLD_bsp/\libhal_bsp.a(alt_irq_handler.o)
 .debug_info    0x000156d0      0x151 ../HELLO_WORLD_bsp/\libhal_bsp.a(alt_irq_vars.o)
 .debug_info    0x00015821      0x50f ../HELLO_WORLD_bsp/\libhal_bsp.a(alt_open.o)
 .debug_info    0x00015d30      0x3e8 ../HELLO_WORLD_bsp/\libhal_bsp.a(alt_tick.o)
 .debug_info    0x00016118      0x14d ../HELLO_WORLD_bsp/\libhal_bsp.a(altera_nios2_qsys_irq.o)
 .debug_info    0x00016265       0x74 ../HELLO_WORLD_bsp/\libhal_bsp.a(alt_exception_entry.o)
 .debug_info    0x000162d9      0x402 ../HELLO_WORLD_bsp/\libhal_bsp.a(alt_find_dev.o)
 .debug_info    0x000166db      0x409 ../HELLO_WORLD_bsp/\libhal_bsp.a(alt_find_file.o)
 .debug_info    0x00016ae4      0x44a ../HELLO_WORLD_bsp/\libhal_bsp.a(alt_get_fd.o)
 .debug_info    0x00016f2e      0x18e ../HELLO_WORLD_bsp/\libhal_bsp.a(alt_icache_flush.o)
 .debug_info    0x000170bc      0x181 d:/altera/12.1/nios2eds/bin/gnu/h-i686-mingw32/bin/../lib/gcc/nios2-elf/4.1.2/../../../../nios2-elf/lib\libc.a(lib_a-atexit.o)
 .debug_info    0x0001723d      0x93f d:/altera/12.1/nios2eds/bin/gnu/h-i686-mingw32/bin/../lib/gcc/nios2-elf/4.1.2/../../../../nios2-elf/lib\libc.a(lib_a-exit.o)
 .debug_info    0x00017b7c      0x115 d:/altera/12.1/nios2eds/bin/gnu/h-i686-mingw32/bin/../lib/gcc/nios2-elf/4.1.2/../../../../nios2-elf/lib\libc.a(lib_a-memcmp.o)
 .debug_info    0x00017c91      0x99c d:/altera/12.1/nios2eds/bin/gnu/h-i686-mingw32/bin/../lib/gcc/nios2-elf/4.1.2/../../../../nios2-elf/lib\libc.a(lib_a-__atexit.o)
 .debug_info    0x0001862d      0x9e2 d:/altera/12.1/nios2eds/bin/gnu/h-i686-mingw32/bin/../lib/gcc/nios2-elf/4.1.2/../../../../nios2-elf/lib\libc.a(lib_a-__call_atexit.o)
 .debug_info    0x0001900f      0x177 ../HELLO_WORLD_bsp/\libhal_bsp.a(alt_exit.o)

.debug_abbrev   0x00000000     0x4de3
 *(.debug_abbrev)
 .debug_abbrev  0x00000000       0x12 ../HELLO_WORLD_bsp//obj/HAL/src/crt0.o
 .debug_abbrev  0x00000012       0x3f obj/default/hello_world.o
 .debug_abbrev  0x00000051      0x1ac d:/altera/12.1/nios2eds/bin/gnu/h-i686-mingw32/bin/../lib/gcc/nios2-elf/4.1.2/../../../../nios2-elf/lib\libc.a(lib_a-puts.o)
 .debug_abbrev  0x000001fd       0x8b d:/altera/12.1/nios2eds/bin/gnu/h-i686-mingw32/bin/../lib/gcc/nios2-elf/4.1.2/../../../../nios2-elf/lib\libc.a(lib_a-strlen.o)
 .debug_abbrev  0x00000288      0x1a3 d:/altera/12.1/nios2eds/bin/gnu/h-i686-mingw32/bin/../lib/gcc/nios2-elf/4.1.2/../../../../nios2-elf/lib\libc.a(lib_a-fvwrite.o)
 .debug_abbrev  0x0000042b      0x157 d:/altera/12.1/nios2eds/bin/gnu/h-i686-mingw32/bin/../lib/gcc/nios2-elf/4.1.2/../../../../nios2-elf/lib\libc.a(lib_a-impure.o)
 .debug_abbrev  0x00000582      0x216 d:/altera/12.1/nios2eds/bin/gnu/h-i686-mingw32/bin/../lib/gcc/nios2-elf/4.1.2/../../../../nios2-elf/lib\libc.a(lib_a-mallocr.o)
 .debug_abbrev  0x00000798       0xb5 d:/altera/12.1/nios2eds/bin/gnu/h-i686-mingw32/bin/../lib/gcc/nios2-elf/4.1.2/../../../../nios2-elf/lib\libc.a(lib_a-memchr.o)
 .debug_abbrev  0x0000084d       0xb5 d:/altera/12.1/nios2eds/bin/gnu/h-i686-mingw32/bin/../lib/gcc/nios2-elf/4.1.2/../../../../nios2-elf/lib\libc.a(lib_a-memcpy.o)
 .debug_abbrev  0x00000902       0xb5 d:/altera/12.1/nios2eds/bin/gnu/h-i686-mingw32/bin/../lib/gcc/nios2-elf/4.1.2/../../../../nios2-elf/lib\libc.a(lib_a-memmove.o)
 .debug_abbrev  0x000009b7      0x1c3 d:/altera/12.1/nios2eds/bin/gnu/h-i686-mingw32/bin/../lib/gcc/nios2-elf/4.1.2/../../../../nios2-elf/lib\libc.a(lib_a-reallocr.o)
 .debug_abbrev  0x00000b7a      0x18c d:/altera/12.1/nios2eds/bin/gnu/h-i686-mingw32/bin/../lib/gcc/nios2-elf/4.1.2/../../../../nios2-elf/lib\libc.a(lib_a-sbrkr.o)
 .debug_abbrev  0x00000d06      0x170 d:/altera/12.1/nios2eds/bin/gnu/h-i686-mingw32/bin/../lib/gcc/nios2-elf/4.1.2/../../../../nios2-elf/lib\libc.a(lib_a-wsetup.o)
 .debug_abbrev  0x00000e76      0x1c6 d:/altera/12.1/nios2eds/bin/gnu/h-i686-mingw32/bin/../lib/gcc/nios2-elf/4.1.2/../../../../nios2-elf/lib\libc.a(lib_a-fflush.o)
 .debug_abbrev  0x0000103c      0x24c d:/altera/12.1/nios2eds/bin/gnu/h-i686-mingw32/bin/../lib/gcc/nios2-elf/4.1.2/../../../../nios2-elf/lib\libc.a(lib_a-findfp.o)
 .debug_abbrev  0x00001288      0x1d9 d:/altera/12.1/nios2eds/bin/gnu/h-i686-mingw32/bin/../lib/gcc/nios2-elf/4.1.2/../../../../nios2-elf/lib\libc.a(lib_a-freer.o)
 .debug_abbrev  0x00001461      0x1e3 d:/altera/12.1/nios2eds/bin/gnu/h-i686-mingw32/bin/../lib/gcc/nios2-elf/4.1.2/../../../../nios2-elf/lib\libc.a(lib_a-fwalk.o)
 .debug_abbrev  0x00001644       0x3b d:/altera/12.1/nios2eds/bin/gnu/h-i686-mingw32/bin/../lib/gcc/nios2-elf/4.1.2/../../../../nios2-elf/lib\libc.a(lib_a-int_errno.o)
 .debug_abbrev  0x0000167f      0x197 d:/altera/12.1/nios2eds/bin/gnu/h-i686-mingw32/bin/../lib/gcc/nios2-elf/4.1.2/../../../../nios2-elf/lib\libc.a(lib_a-makebuf.o)
 .debug_abbrev  0x00001816       0xb8 d:/altera/12.1/nios2eds/bin/gnu/h-i686-mingw32/bin/../lib/gcc/nios2-elf/4.1.2/../../../../nios2-elf/lib\libc.a(lib_a-memset.o)
 .debug_abbrev  0x000018ce      0x1c9 d:/altera/12.1/nios2eds/bin/gnu/h-i686-mingw32/bin/../lib/gcc/nios2-elf/4.1.2/../../../../nios2-elf/lib\libc.a(lib_a-stdio.o)
 .debug_abbrev  0x00001a97      0x184 d:/altera/12.1/nios2eds/bin/gnu/h-i686-mingw32/bin/../lib/gcc/nios2-elf/4.1.2/../../../../nios2-elf/lib\libc.a(lib_a-writer.o)
 .debug_abbrev  0x00001c1b      0x17f d:/altera/12.1/nios2eds/bin/gnu/h-i686-mingw32/bin/../lib/gcc/nios2-elf/4.1.2/../../../../nios2-elf/lib\libc.a(lib_a-closer.o)
 .debug_abbrev  0x00001d9a      0x1a7 d:/altera/12.1/nios2eds/bin/gnu/h-i686-mingw32/bin/../lib/gcc/nios2-elf/4.1.2/../../../../nios2-elf/lib\libc.a(lib_a-fclose.o)
 .debug_abbrev  0x00001f41      0x18e d:/altera/12.1/nios2eds/bin/gnu/h-i686-mingw32/bin/../lib/gcc/nios2-elf/4.1.2/../../../../nios2-elf/lib\libc.a(lib_a-fstatr.o)
 .debug_abbrev  0x000020cf      0x17f d:/altera/12.1/nios2eds/bin/gnu/h-i686-mingw32/bin/../lib/gcc/nios2-elf/4.1.2/../../../../nios2-elf/lib\libc.a(lib_a-isattyr.o)
 .debug_abbrev  0x0000224e      0x18e d:/altera/12.1/nios2eds/bin/gnu/h-i686-mingw32/bin/../lib/gcc/nios2-elf/4.1.2/../../../../nios2-elf/lib\libc.a(lib_a-lseekr.o)
 .debug_abbrev  0x000023dc      0x17f d:/altera/12.1/nios2eds/bin/gnu/h-i686-mingw32/bin/../lib/gcc/nios2-elf/4.1.2/../../../../nios2-elf/lib\libc.a(lib_a-readr.o)
 .debug_abbrev  0x0000255b       0xfb ../HELLO_WORLD_bsp/\libhal_bsp.a(alt_close.o)
 .debug_abbrev  0x00002656       0xc7 ../HELLO_WORLD_bsp/\libhal_bsp.a(alt_dev.o)
 .debug_abbrev  0x0000271d       0x5e ../HELLO_WORLD_bsp/\libhal_bsp.a(alt_errno.o)
 .debug_abbrev  0x0000277b       0xfb ../HELLO_WORLD_bsp/\libhal_bsp.a(alt_fstat.o)
 .debug_abbrev  0x00002876       0xfb ../HELLO_WORLD_bsp/\libhal_bsp.a(alt_isatty.o)
 .debug_abbrev  0x00002971       0x88 ../HELLO_WORLD_bsp/\libhal_bsp.a(alt_load.o)
 .debug_abbrev  0x000029f9       0xfb ../HELLO_WORLD_bsp/\libhal_bsp.a(alt_lseek.o)
 .debug_abbrev  0x00002af4       0xb7 ../HELLO_WORLD_bsp/\libhal_bsp.a(alt_main.o)
 .debug_abbrev  0x00002bab      0x181 ../HELLO_WORLD_bsp/\libhal_bsp.a(alt_malloc_lock.o)
 .debug_abbrev  0x00002d2c       0xfb ../HELLO_WORLD_bsp/\libhal_bsp.a(alt_read.o)
 .debug_abbrev  0x00002e27       0xc1 ../HELLO_WORLD_bsp/\libhal_bsp.a(alt_release_fd.o)
 .debug_abbrev  0x00002ee8      0x115 ../HELLO_WORLD_bsp/\libhal_bsp.a(alt_sbrk.o)
 .debug_abbrev  0x00002ffd      0x100 ../HELLO_WORLD_bsp/\libhal_bsp.a(alt_write.o)
 .debug_abbrev  0x000030fd      0x142 ../HELLO_WORLD_bsp/\libhal_bsp.a(alt_sys_init.o)
 .debug_abbrev  0x0000323f       0xf7 ../HELLO_WORLD_bsp/\libhal_bsp.a(altera_avalon_jtag_uart_fd.o)
 .debug_abbrev  0x00003336      0x17c ../HELLO_WORLD_bsp/\libhal_bsp.a(altera_avalon_jtag_uart_init.o)
 .debug_abbrev  0x000034b2       0xf0 ../HELLO_WORLD_bsp/\libhal_bsp.a(altera_avalon_jtag_uart_ioctl.o)
 .debug_abbrev  0x000035a2      0x191 ../HELLO_WORLD_bsp/\libhal_bsp.a(altera_avalon_jtag_uart_read.o)
 .debug_abbrev  0x00003733      0x18d ../HELLO_WORLD_bsp/\libhal_bsp.a(altera_avalon_jtag_uart_write.o)
 .debug_abbrev  0x000038c0      0x172 ../HELLO_WORLD_bsp/\libhal_bsp.a(alt_alarm_start.o)
 .debug_abbrev  0x00003a32       0x57 ../HELLO_WORLD_bsp/\libhal_bsp.a(alt_dcache_flush_all.o)
 .debug_abbrev  0x00003a89       0xf6 ../HELLO_WORLD_bsp/\libhal_bsp.a(alt_dev_llist_insert.o)
 .debug_abbrev  0x00003b7f       0x76 ../HELLO_WORLD_bsp/\libhal_bsp.a(alt_do_ctors.o)
 .debug_abbrev  0x00003bf5       0x76 ../HELLO_WORLD_bsp/\libhal_bsp.a(alt_do_dtors.o)
 .debug_abbrev  0x00003c6b       0x3f ../HELLO_WORLD_bsp/\libhal_bsp.a(alt_icache_flush_all.o)
 .debug_abbrev  0x00003caa      0x134 ../HELLO_WORLD_bsp/\libhal_bsp.a(alt_iic.o)
 .debug_abbrev  0x00003dde      0x14e ../HELLO_WORLD_bsp/\libhal_bsp.a(alt_iic_isr_register.o)
 .debug_abbrev  0x00003f2c       0xf0 ../HELLO_WORLD_bsp/\libhal_bsp.a(alt_io_redirect.o)
 .debug_abbrev  0x0000401c       0x12 ../HELLO_WORLD_bsp/\libhal_bsp.a(alt_irq_entry.o)
 .debug_abbrev  0x0000402e      0x10c ../HELLO_WORLD_bsp/\libhal_bsp.a(alt_irq_handler.o)
 .debug_abbrev  0x0000413a       0x44 ../HELLO_WORLD_bsp/\libhal_bsp.a(alt_irq_vars.o)
 .debug_abbrev  0x0000417e      0x112 ../HELLO_WORLD_bsp/\libhal_bsp.a(alt_open.o)
 .debug_abbrev  0x00004290      0x150 ../HELLO_WORLD_bsp/\libhal_bsp.a(alt_tick.o)
 .debug_abbrev  0x000043e0       0x3f ../HELLO_WORLD_bsp/\libhal_bsp.a(altera_nios2_qsys_irq.o)
 .debug_abbrev  0x0000441f       0x12 ../HELLO_WORLD_bsp/\libhal_bsp.a(alt_exception_entry.o)
 .debug_abbrev  0x00004431       0xcf ../HELLO_WORLD_bsp/\libhal_bsp.a(alt_find_dev.o)
 .debug_abbrev  0x00004500       0xcf ../HELLO_WORLD_bsp/\libhal_bsp.a(alt_find_file.o)
 .debug_abbrev  0x000045cf       0xfb ../HELLO_WORLD_bsp/\libhal_bsp.a(alt_get_fd.o)
 .debug_abbrev  0x000046ca       0x7a ../HELLO_WORLD_bsp/\libhal_bsp.a(alt_icache_flush.o)
 .debug_abbrev  0x00004744       0xb7 d:/altera/12.1/nios2eds/bin/gnu/h-i686-mingw32/bin/../lib/gcc/nios2-elf/4.1.2/../../../../nios2-elf/lib\libc.a(lib_a-atexit.o)
 .debug_abbrev  0x000047fb      0x16e d:/altera/12.1/nios2eds/bin/gnu/h-i686-mingw32/bin/../lib/gcc/nios2-elf/4.1.2/../../../../nios2-elf/lib\libc.a(lib_a-exit.o)
 .debug_abbrev  0x00004969       0x7c d:/altera/12.1/nios2eds/bin/gnu/h-i686-mingw32/bin/../lib/gcc/nios2-elf/4.1.2/../../../../nios2-elf/lib\libc.a(lib_a-memcmp.o)
 .debug_abbrev  0x000049e5      0x1ae d:/altera/12.1/nios2eds/bin/gnu/h-i686-mingw32/bin/../lib/gcc/nios2-elf/4.1.2/../../../../nios2-elf/lib\libc.a(lib_a-__atexit.o)
 .debug_abbrev  0x00004b93      0x1de d:/altera/12.1/nios2eds/bin/gnu/h-i686-mingw32/bin/../lib/gcc/nios2-elf/4.1.2/../../../../nios2-elf/lib\libc.a(lib_a-__call_atexit.o)
 .debug_abbrev  0x00004d71       0x72 ../HELLO_WORLD_bsp/\libhal_bsp.a(alt_exit.o)

.debug_line     0x00000000     0xc38e
 *(.debug_line)
 .debug_line    0x00000000       0x72 ../HELLO_WORLD_bsp//obj/HAL/src/crt0.o
 .debug_line    0x00000072      0x1c4 obj/default/hello_world.o
 .debug_line    0x00000236      0x2f1 d:/altera/12.1/nios2eds/bin/gnu/h-i686-mingw32/bin/../lib/gcc/nios2-elf/4.1.2/../../../../nios2-elf/lib\libc.a(lib_a-puts.o)
 .debug_line    0x00000527      0x264 d:/altera/12.1/nios2eds/bin/gnu/h-i686-mingw32/bin/../lib/gcc/nios2-elf/4.1.2/../../../../nios2-elf/lib\libc.a(lib_a-strlen.o)
 .debug_line    0x0000078b      0x63b d:/altera/12.1/nios2eds/bin/gnu/h-i686-mingw32/bin/../lib/gcc/nios2-elf/4.1.2/../../../../nios2-elf/lib\libc.a(lib_a-fvwrite.o)
 .debug_line    0x00000dc6      0x224 d:/altera/12.1/nios2eds/bin/gnu/h-i686-mingw32/bin/../lib/gcc/nios2-elf/4.1.2/../../../../nios2-elf/lib\libc.a(lib_a-impure.o)
 .debug_line    0x00000fea      0x804 d:/altera/12.1/nios2eds/bin/gnu/h-i686-mingw32/bin/../lib/gcc/nios2-elf/4.1.2/../../../../nios2-elf/lib\libc.a(lib_a-mallocr.o)
 .debug_line    0x000017ee      0x2fa d:/altera/12.1/nios2eds/bin/gnu/h-i686-mingw32/bin/../lib/gcc/nios2-elf/4.1.2/../../../../nios2-elf/lib\libc.a(lib_a-memchr.o)
 .debug_line    0x00001ae8      0x1a9 d:/altera/12.1/nios2eds/bin/gnu/h-i686-mingw32/bin/../lib/gcc/nios2-elf/4.1.2/../../../../nios2-elf/lib\libc.a(lib_a-memcpy.o)
 .debug_line    0x00001c91      0x301 d:/altera/12.1/nios2eds/bin/gnu/h-i686-mingw32/bin/../lib/gcc/nios2-elf/4.1.2/../../../../nios2-elf/lib\libc.a(lib_a-memmove.o)
 .debug_line    0x00001f92      0x584 d:/altera/12.1/nios2eds/bin/gnu/h-i686-mingw32/bin/../lib/gcc/nios2-elf/4.1.2/../../../../nios2-elf/lib\libc.a(lib_a-reallocr.o)
 .debug_line    0x00002516      0x290 d:/altera/12.1/nios2eds/bin/gnu/h-i686-mingw32/bin/../lib/gcc/nios2-elf/4.1.2/../../../../nios2-elf/lib\libc.a(lib_a-sbrkr.o)
 .debug_line    0x000027a6      0x2ea d:/altera/12.1/nios2eds/bin/gnu/h-i686-mingw32/bin/../lib/gcc/nios2-elf/4.1.2/../../../../nios2-elf/lib\libc.a(lib_a-wsetup.o)
 .debug_line    0x00002a90      0x407 d:/altera/12.1/nios2eds/bin/gnu/h-i686-mingw32/bin/../lib/gcc/nios2-elf/4.1.2/../../../../nios2-elf/lib\libc.a(lib_a-fflush.o)
 .debug_line    0x00002e97      0x5fb d:/altera/12.1/nios2eds/bin/gnu/h-i686-mingw32/bin/../lib/gcc/nios2-elf/4.1.2/../../../../nios2-elf/lib\libc.a(lib_a-findfp.o)
 .debug_line    0x00003492      0x5e5 d:/altera/12.1/nios2eds/bin/gnu/h-i686-mingw32/bin/../lib/gcc/nios2-elf/4.1.2/../../../../nios2-elf/lib\libc.a(lib_a-freer.o)
 .debug_line    0x00003a77      0x344 d:/altera/12.1/nios2eds/bin/gnu/h-i686-mingw32/bin/../lib/gcc/nios2-elf/4.1.2/../../../../nios2-elf/lib\libc.a(lib_a-fwalk.o)
 .debug_line    0x00003dbb      0x1d9 d:/altera/12.1/nios2eds/bin/gnu/h-i686-mingw32/bin/../lib/gcc/nios2-elf/4.1.2/../../../../nios2-elf/lib\libc.a(lib_a-int_errno.o)
 .debug_line    0x00003f94      0x3bd d:/altera/12.1/nios2eds/bin/gnu/h-i686-mingw32/bin/../lib/gcc/nios2-elf/4.1.2/../../../../nios2-elf/lib\libc.a(lib_a-makebuf.o)
 .debug_line    0x00004351      0x2f8 d:/altera/12.1/nios2eds/bin/gnu/h-i686-mingw32/bin/../lib/gcc/nios2-elf/4.1.2/../../../../nios2-elf/lib\libc.a(lib_a-memset.o)
 .debug_line    0x00004649      0x386 d:/altera/12.1/nios2eds/bin/gnu/h-i686-mingw32/bin/../lib/gcc/nios2-elf/4.1.2/../../../../nios2-elf/lib\libc.a(lib_a-stdio.o)
 .debug_line    0x000049cf      0x291 d:/altera/12.1/nios2eds/bin/gnu/h-i686-mingw32/bin/../lib/gcc/nios2-elf/4.1.2/../../../../nios2-elf/lib\libc.a(lib_a-writer.o)
 .debug_line    0x00004c60      0x291 d:/altera/12.1/nios2eds/bin/gnu/h-i686-mingw32/bin/../lib/gcc/nios2-elf/4.1.2/../../../../nios2-elf/lib\libc.a(lib_a-closer.o)
 .debug_line    0x00004ef1      0x2e2 d:/altera/12.1/nios2eds/bin/gnu/h-i686-mingw32/bin/../lib/gcc/nios2-elf/4.1.2/../../../../nios2-elf/lib\libc.a(lib_a-fclose.o)